Archive member included to satisfy reference by file (symbol)

c:/program files (x86)/atollic/truestudio for stm32 9.2.0/armtools/bin/../lib/gcc/arm-atollic-eabi/6.3.1/../../../../arm-atollic-eabi/lib/armv7-m\libc_nano.a(lib_a-init.o)
                              startup\startup_stm32f103xb.o (__libc_init_array)
c:/program files (x86)/atollic/truestudio for stm32 9.2.0/armtools/bin/../lib/gcc/arm-atollic-eabi/6.3.1/../../../../arm-atollic-eabi/lib/armv7-m\libc_nano.a(lib_a-memset.o)
                              Core\Src\gpio.o (memset)
c:/program files (x86)/atollic/truestudio for stm32 9.2.0/armtools/bin/../lib/gcc/arm-atollic-eabi/6.3.1/../../../../arm-atollic-eabi/lib/armv7-m\libm.a(lib_a-w_sqrt.o)
                              Core\Src\Magnet.o (sqrt)
c:/program files (x86)/atollic/truestudio for stm32 9.2.0/armtools/bin/../lib/gcc/arm-atollic-eabi/6.3.1/../../../../arm-atollic-eabi/lib/armv7-m\libm.a(lib_a-e_sqrt.o)
                              c:/program files (x86)/atollic/truestudio for stm32 9.2.0/armtools/bin/../lib/gcc/arm-atollic-eabi/6.3.1/../../../../arm-atollic-eabi/lib/armv7-m\libm.a(lib_a-w_sqrt.o) (__ieee754_sqrt)
c:/program files (x86)/atollic/truestudio for stm32 9.2.0/armtools/bin/../lib/gcc/arm-atollic-eabi/6.3.1/../../../../arm-atollic-eabi/lib/armv7-m\libm.a(lib_a-s_lib_ver.o)
                              c:/program files (x86)/atollic/truestudio for stm32 9.2.0/armtools/bin/../lib/gcc/arm-atollic-eabi/6.3.1/../../../../arm-atollic-eabi/lib/armv7-m\libm.a(lib_a-w_sqrt.o) (__fdlib_version)
c:/program files (x86)/atollic/truestudio for stm32 9.2.0/armtools/bin/../lib/gcc/arm-atollic-eabi/6.3.1/../../../../arm-atollic-eabi/lib/armv7-m\libm.a(lib_a-s_matherr.o)
                              c:/program files (x86)/atollic/truestudio for stm32 9.2.0/armtools/bin/../lib/gcc/arm-atollic-eabi/6.3.1/../../../../arm-atollic-eabi/lib/armv7-m\libm.a(lib_a-w_sqrt.o) (matherr)
c:/program files (x86)/atollic/truestudio for stm32 9.2.0/armtools/bin/../lib/gcc/arm-atollic-eabi/6.3.1/../../../../arm-atollic-eabi/lib/armv7-m\libc_nano.a(lib_a-errno.o)
                              c:/program files (x86)/atollic/truestudio for stm32 9.2.0/armtools/bin/../lib/gcc/arm-atollic-eabi/6.3.1/../../../../arm-atollic-eabi/lib/armv7-m\libm.a(lib_a-w_sqrt.o) (__errno)
c:/program files (x86)/atollic/truestudio for stm32 9.2.0/armtools/bin/../lib/gcc/arm-atollic-eabi/6.3.1/../../../../arm-atollic-eabi/lib/armv7-m\libc_nano.a(lib_a-impure.o)
                              c:/program files (x86)/atollic/truestudio for stm32 9.2.0/armtools/bin/../lib/gcc/arm-atollic-eabi/6.3.1/../../../../arm-atollic-eabi/lib/armv7-m\libc_nano.a(lib_a-errno.o) (_impure_ptr)
c:/program files (x86)/atollic/truestudio for stm32 9.2.0/armtools/bin/../lib/gcc/arm-atollic-eabi/6.3.1/armv7-m\libgcc.a(_lshrdi3.o)
                              Drivers\STM32F1xx_HAL_Driver\Src\stm32f1xx_hal_flash.o (__aeabi_llsr)
c:/program files (x86)/atollic/truestudio for stm32 9.2.0/armtools/bin/../lib/gcc/arm-atollic-eabi/6.3.1/armv7-m\libgcc.a(_arm_addsubdf3.o)
                              c:/program files (x86)/atollic/truestudio for stm32 9.2.0/armtools/bin/../lib/gcc/arm-atollic-eabi/6.3.1/../../../../arm-atollic-eabi/lib/armv7-m\libm.a(lib_a-e_sqrt.o) (__aeabi_dsub)
c:/program files (x86)/atollic/truestudio for stm32 9.2.0/armtools/bin/../lib/gcc/arm-atollic-eabi/6.3.1/armv7-m\libgcc.a(_arm_muldivdf3.o)
                              Core\Src\Magnet.o (__aeabi_dmul)
c:/program files (x86)/atollic/truestudio for stm32 9.2.0/armtools/bin/../lib/gcc/arm-atollic-eabi/6.3.1/armv7-m\libgcc.a(_arm_cmpdf2.o)
                              c:/program files (x86)/atollic/truestudio for stm32 9.2.0/armtools/bin/../lib/gcc/arm-atollic-eabi/6.3.1/../../../../arm-atollic-eabi/lib/armv7-m\libm.a(lib_a-w_sqrt.o) (__aeabi_dcmplt)
c:/program files (x86)/atollic/truestudio for stm32 9.2.0/armtools/bin/../lib/gcc/arm-atollic-eabi/6.3.1/armv7-m\libgcc.a(_arm_unorddf2.o)
                              c:/program files (x86)/atollic/truestudio for stm32 9.2.0/armtools/bin/../lib/gcc/arm-atollic-eabi/6.3.1/../../../../arm-atollic-eabi/lib/armv7-m\libm.a(lib_a-w_sqrt.o) (__aeabi_dcmpun)
c:/program files (x86)/atollic/truestudio for stm32 9.2.0/armtools/bin/../lib/gcc/arm-atollic-eabi/6.3.1/armv7-m\libgcc.a(_arm_truncdfsf2.o)
                              Core\Src\Magnet.o (__aeabi_d2f)
c:/program files (x86)/atollic/truestudio for stm32 9.2.0/armtools/bin/../lib/gcc/arm-atollic-eabi/6.3.1/armv7-m\libgcc.a(_arm_addsubsf3.o)
                              Core\Src\Magnet.o (__aeabi_i2f)
c:/program files (x86)/atollic/truestudio for stm32 9.2.0/armtools/bin/../lib/gcc/arm-atollic-eabi/6.3.1/armv7-m\libgcc.a(_arm_muldivsf3.o)
                              Core\Src\Magnet.o (__aeabi_fdiv)

Allocating common symbols
Common symbol       size              file

coord_R             0xc               Core\Src\Magnet.o
hi2c1               0x54              Core\Src\i2c.o
[...]
Memory Configuration

Name             Origin             Length             Attributes
RAM              0x20000000         0x00005000         xrw
FLASH            0x08000000         0x00010000         xr
*default*        0x00000000         0xffffffff

Linker script and memory map

LOAD c:/program files (x86)/atollic/truestudio for stm32 9.2.0/armtools/bin/../lib/gcc/arm-atollic-eabi/6.3.1/armv7-m/crti.o
LOAD c:/program files (x86)/atollic/truestudio for stm32 9.2.0/armtools/bin/../lib/gcc/arm-atollic-eabi/6.3.1/armv7-m/crtbegin.o
LOAD Core\Src\MagConfig.o
LOAD Core\Src\Magnet.o
LOAD Core\Src\gpio.o
LOAD Core\Src\i2c.o
LOAD Core\Src\main.o
LOAD Core\Src\stm32f1xx_hal_msp.o
LOAD Core\Src\stm32f1xx_it.o
LOAD Core\Src\system_stm32f1xx.o
LOAD Core\Src\usart.o
LOAD Drivers\STM32F1xx_HAL_Driver\Src\stm32f1xx_hal.o
LOAD Drivers\STM32F1xx_HAL_Driver\Src\stm32f1xx_hal_cortex.o
LOAD Drivers\STM32F1xx_HAL_Driver\Src\stm32f1xx_hal_dma.o
LOAD Drivers\STM32F1xx_HAL_Driver\Src\stm32f1xx_hal_flash.o
LOAD Drivers\STM32F1xx_HAL_Driver\Src\stm32f1xx_hal_flash_ex.o
LOAD Drivers\STM32F1xx_HAL_Driver\Src\stm32f1xx_hal_gpio.o
LOAD Drivers\STM32F1xx_HAL_Driver\Src\stm32f1xx_hal_gpio_ex.o
LOAD Drivers\STM32F1xx_HAL_Driver\Src\stm32f1xx_hal_i2c.o
LOAD Drivers\STM32F1xx_HAL_Driver\Src\stm32f1xx_hal_pwr.o
LOAD Drivers\STM32F1xx_HAL_Driver\Src\stm32f1xx_hal_rcc.o
LOAD Drivers\STM32F1xx_HAL_Driver\Src\stm32f1xx_hal_rcc_ex.o
LOAD Drivers\STM32F1xx_HAL_Driver\Src\stm32f1xx_hal_tim.o
LOAD Drivers\STM32F1xx_HAL_Driver\Src\stm32f1xx_hal_tim_ex.o
LOAD Drivers\STM32F1xx_HAL_Driver\Src\stm32f1xx_hal_uart.o
LOAD startup\startup_stm32f103xb.o
                0x00000080                malloc_getpagesize_P = 0x80
START GROUP
LOAD c:/program files (x86)/atollic/truestudio for stm32 9.2.0/armtools/bin/../lib/gcc/arm-atollic-eabi/6.3.1/../../../../arm-atollic-eabi/lib/armv7-m\libc_nano.a
LOAD c:/program files (x86)/atollic/truestudio for stm32 9.2.0/armtools/bin/../lib/gcc/arm-atollic-eabi/6.3.1/../../../../arm-atollic-eabi/lib/armv7-m\libm.a
END GROUP
START GROUP
LOAD c:/program files (x86)/atollic/truestudio for stm32 9.2.0/armtools/bin/../lib/gcc/arm-atollic-eabi/6.3.1/armv7-m\libgcc.a
LOAD c:/program files (x86)/atollic/truestudio for stm32 9.2.0/armtools/bin/../lib/gcc/arm-atollic-eabi/6.3.1/../../../../arm-atollic-eabi/lib/armv7-m\libc_nano.a
END GROUP
START GROUP
LOAD c:/program files (x86)/atollic/truestudio for stm32 9.2.0/armtools/bin/../lib/gcc/arm-atollic-eabi/6.3.1/armv7-m\libgcc.a
LOAD c:/program files (x86)/atollic/truestudio for stm32 9.2.0/armtools/bin/../lib/gcc/arm-atollic-eabi/6.3.1/../../../../arm-atollic-eabi/lib/armv7-m\libc_nano.a
LOAD c:/program files (x86)/atollic/truestudio for stm32 9.2.0/armtools/bin/../lib/gcc/arm-atollic-eabi/6.3.1/../../../../arm-atollic-eabi/lib/armv7-m\libnosys.a
END GROUP
START GROUP
LOAD c:/program files (x86)/atollic/truestudio for stm32 9.2.0/armtools/bin/../lib/gcc/arm-atollic-eabi/6.3.1/armv7-m\libgcc.a
LOAD c:/program files (x86)/atollic/truestudio for stm32 9.2.0/armtools/bin/../lib/gcc/arm-atollic-eabi/6.3.1/../../../../arm-atollic-eabi/lib/armv7-m\libc_nano.a
LOAD c:/program files (x86)/atollic/truestudio for stm32 9.2.0/armtools/bin/../lib/gcc/arm-atollic-eabi/6.3.1/../../../../arm-atollic-eabi/lib/armv7-m\libnosys.a
END GROUP
LOAD c:/program files (x86)/atollic/truestudio for stm32 9.2.0/armtools/bin/../lib/gcc/arm-atollic-eabi/6.3.1/armv7-m/crtend.o
LOAD c:/program files (x86)/atollic/truestudio for stm32 9.2.0/armtools/bin/../lib/gcc/arm-atollic-eabi/6.3.1/armv7-m/crtn.o
                0x20005000                _estack = 0x20005000
                0x00000200                _Min_Heap_Size = 0x200
                0x00000400                _Min_Stack_Size = 0x400

.isr_vector     0x08000000      0x10c
                0x08000000                . = ALIGN (0x4)
 *(.isr_vector)
 .isr_vector    0x08000000      0x10c startup\startup_stm32f103xb.o
                0x08000000                g_pfnVectors
                0x0800010c                . = ALIGN (0x4)

.text           0x0800010c     0x28d4
                0x0800010c                . = ALIGN (0x4)
 *(.text)
 .text          0x0800010c       0x40 c:/program files (x86)/atollic/truestudio for stm32 9.2.0/armtools/bin/../lib/gcc/arm-atollic-eabi/6.3.1/armv7-m/crtbegin.o
 .text          0x0800014c      0x370 c:/program files (x86)/atollic/truestudio for stm32 9.2.0/armtools/bin/../lib/gcc/arm-atollic-eabi/6.3.1/armv7-m\libgcc.a(_arm_addsubdf3.o)
                0x0800014c                __aeabi_drsub
                0x08000154                __aeabi_dsub
                0x08000154                __subdf3
                0x08000158                __aeabi_dadd
                0x08000158                __adddf3
                0x080003d0                __floatunsidf
                0x080003d0                __aeabi_ui2d
                0x080003f0                __floatsidf
                0x080003f0                __aeabi_i2d
                0x08000414                __aeabi_f2d
                0x08000414                __extendsfdf2
                0x08000450                __floatundidf
                0x08000450                __aeabi_ul2d
                0x08000460                __floatdidf
                0x08000460                __aeabi_l2d
 .text          0x080004bc      0x424 c:/program files (x86)/atollic/truestudio for stm32 9.2.0/armtools/bin/../lib/gcc/arm-atollic-eabi/6.3.1/armv7-m\libgcc.a(_arm_muldivdf3.o)
                0x080004bc                __aeabi_dmul
                0x080004bc                __muldf3
                0x08000710                __divdf3
                0x08000710                __aeabi_ddiv
 .text          0x080008e0      0x110 c:/program files (x86)/atollic/truestudio for stm32 9.2.0/armtools/bin/../lib/gcc/arm-atollic-eabi/6.3.1/armv7-m\libgcc.a(_arm_cmpdf2.o)
                0x080008e0                __gtdf2
                0x080008e0                __gedf2
                0x080008e8                __ltdf2
                0x080008e8                __ledf2
                0x080008f0                __nedf2
                0x080008f0                __eqdf2
                0x080008f0                __cmpdf2
                0x0800096c                __aeabi_cdrcmple
                0x0800097c                __aeabi_cdcmpeq
                0x0800097c                __aeabi_cdcmple
                0x0800098c                __aeabi_dcmpeq
                0x080009a0                __aeabi_dcmplt
                0x080009b4                __aeabi_dcmple
                0x080009c8                __aeabi_dcmpge
                0x080009dc                __aeabi_dcmpgt
 .text          0x080009f0       0x2c c:/program files (x86)/atollic/truestudio for stm32 9.2.0/armtools/bin/../lib/gcc/arm-atollic-eabi/6.3.1/armv7-m\libgcc.a(_arm_unorddf2.o)
                0x080009f0                __unorddf2
                0x080009f0                __aeabi_dcmpun
 .text          0x08000a1c       0xa0 c:/program files (x86)/atollic/truestudio for stm32 9.2.0/armtools/bin/../lib/gcc/arm-atollic-eabi/6.3.1/armv7-m\libgcc.a(_arm_truncdfsf2.o)
                0x08000a1c                __truncdfsf2
                0x08000a1c                __aeabi_d2f
 .text          0x08000abc      0x21c c:/program files (x86)/atollic/truestudio for stm32 9.2.0/armtools/bin/../lib/gcc/arm-atollic-eabi/6.3.1/armv7-m\libgcc.a(_arm_addsubsf3.o)
                0x08000abc                __aeabi_frsub
                0x08000ac4                __subsf3
                0x08000ac4                __aeabi_fsub
                0x08000ac8                __aeabi_fadd
                0x08000ac8                __addsf3
                0x08000c28                __aeabi_ui2f
                0x08000c28                __floatunsisf
                0x08000c30                __aeabi_i2f
                0x08000c30                __floatsisf
                0x08000c4c                __aeabi_ul2f
                0x08000c4c                __floatundisf
                0x08000c5c                __aeabi_l2f
                0x08000c5c                __floatdisf
 .text          0x08000cd8      0x2a0 c:/program files (x86)/atollic/truestudio for stm32 9.2.0/armtools/bin/../lib/gcc/arm-atollic-eabi/6.3.1/armv7-m\libgcc.a(_arm_muldivsf3.o)
                0x08000cd8                __mulsf3
                0x08000cd8                __aeabi_fmul
                0x08000e40                __aeabi_fdiv
                0x08000e40                __divsf3
 *(.text*)
 .text.config   0x08000f78       0x88 Core\Src\MagConfig.o
                0x08000f78                config
 .text.make_unit_vectors
                0x08001000       0x6c Core\Src\Magnet.o
                0x08001000                make_unit_vectors
 .text.mag_read_registerL
                0x0800106c       0x3c Core\Src\Magnet.o
                0x0800106c                mag_read_registerL
 .text.mag_read_registerR
                0x080010a8       0x3c Core\Src\Magnet.o
                0x080010a8                mag_read_registerR
 .text.mag_read_valueL
                0x080010e4       0x1c Core\Src\Magnet.o
                0x080010e4                mag_read_valueL
 .text.mag_read_valueR
                0x08001100       0x1c Core\Src\Magnet.o
                0x08001100                mag_read_valueR
 .text.read_xL  0x0800111c        0x8 Core\Src\Magnet.o
                0x0800111c                read_xL
 .text.read_xR  0x08001124        0x8 Core\Src\Magnet.o
                0x08001124                read_xR
 .text.read_yL  0x0800112c        0x8 Core\Src\Magnet.o
                0x0800112c                read_yL
 .text.read_yR  0x08001134        0x8 Core\Src\Magnet.o
                0x08001134                read_yR
 .text.read_zL  0x0800113c        0x8 Core\Src\Magnet.o
                0x0800113c                read_zL
 .text.read_zR  0x08001144        0x8 Core\Src\Magnet.o
                0x08001144                read_zR
 .text.read_values_to_arrays
                0x0800114c       0x2c Core\Src\Magnet.o
                0x0800114c                read_values_to_arrays
 .text.MX_GPIO_Init
                0x08001178       0x90 Core\Src\gpio.o
                0x08001178                MX_GPIO_Init
 .text.MX_I2C1_Init
                0x08001208       0x40 Core\Src\i2c.o
                0x08001208                MX_I2C1_Init
 .text.MX_I2C2_Init
                0x08001248       0x40 Core\Src\i2c.o
                0x08001248                MX_I2C2_Init
 .text.HAL_I2C_MspInit
                0x08001288       0xac Core\Src\i2c.o
                0x08001288                HAL_I2C_MspInit
 .text.SystemClock_Config
                0x08001334       0x54 Core\Src\main.o
                0x08001334                SystemClock_Config
 .text.startup.main
                0x08001388       0x84 Core\Src\main.o
                0x08001388                main
 .text.Error_Handler
                0x0800140c        0x2 Core\Src\main.o
                0x0800140c                Error_Handler
 *fill*         0x0800140e        0x2 
 .text.HAL_MspInit
                0x08001410       0x44 Core\Src\stm32f1xx_hal_msp.o
                0x08001410                HAL_MspInit
 .text.NMI_Handler
                0x08001454        0x2 Core\Src\stm32f1xx_it.o
                0x08001454                NMI_Handler
 .text.HardFault_Handler
                0x08001456        0x2 Core\Src\stm32f1xx_it.o
                0x08001456                HardFault_Handler
 .text.MemManage_Handler
                0x08001458        0x2 Core\Src\stm32f1xx_it.o
                0x08001458                MemManage_Handler
 .text.BusFault_Handler
                0x0800145a        0x2 Core\Src\stm32f1xx_it.o
                0x0800145a                BusFault_Handler
 .text.UsageFault_Handler
                0x0800145c        0x2 Core\Src\stm32f1xx_it.o
                0x0800145c                UsageFault_Handler
 .text.SVC_Handler
                0x0800145e        0x2 Core\Src\stm32f1xx_it.o
                0x0800145e                SVC_Handler
 .text.DebugMon_Handler
                0x08001460        0x2 Core\Src\stm32f1xx_it.o
                0x08001460                DebugMon_Handler
 .text.PendSV_Handler
                0x08001462        0x2 Core\Src\stm32f1xx_it.o
                0x08001462                PendSV_Handler
 .text.SysTick_Handler
                0x08001464        0x4 Core\Src\stm32f1xx_it.o
                0x08001464                SysTick_Handler
 .text.SystemInit
                0x08001468       0x4c Core\Src\system_stm32f1xx.o
                0x08001468                SystemInit
 .text.MX_USART1_UART_Init
                0x080014b4       0x3c Core\Src\usart.o
                0x080014b4                MX_USART1_UART_Init
 .text.HAL_UART_MspInit
                0x080014f0       0x78 Core\Src\usart.o
                0x080014f0                HAL_UART_MspInit
 .text.HAL_InitTick
                0x08001568       0x48 Drivers\STM32F1xx_HAL_Driver\Src\stm32f1xx_hal.o
                0x08001568                HAL_InitTick
 .text.HAL_Init
                0x080015b0       0x24 Drivers\STM32F1xx_HAL_Driver\Src\stm32f1xx_hal.o
                0x080015b0                HAL_Init
 .text.HAL_IncTick
                0x080015d4       0x18 Drivers\STM32F1xx_HAL_Driver\Src\stm32f1xx_hal.o
                0x080015d4                HAL_IncTick
 .text.HAL_GetTick
                0x080015ec        0xc Drivers\STM32F1xx_HAL_Driver\Src\stm32f1xx_hal.o
                0x080015ec                HAL_GetTick
 .text.HAL_Delay
                0x080015f8       0x24 Drivers\STM32F1xx_HAL_Driver\Src\stm32f1xx_hal.o
                0x080015f8                HAL_Delay
 .text.HAL_NVIC_SetPriorityGrouping
                0x0800161c       0x24 Drivers\STM32F1xx_HAL_Driver\Src\stm32f1xx_hal_cortex.o
                0x0800161c                HAL_NVIC_SetPriorityGrouping
 .text.HAL_NVIC_SetPriority
                0x08001640       0x68 Drivers\STM32F1xx_HAL_Driver\Src\stm32f1xx_hal_cortex.o
                0x08001640                HAL_NVIC_SetPriority
 .text.HAL_SYSTICK_Config
                0x080016a8       0x2c Drivers\STM32F1xx_HAL_Driver\Src\stm32f1xx_hal_cortex.o
                0x080016a8                HAL_SYSTICK_Config
 .text.HAL_GPIO_Init
                0x080016d4      0x1c0 Drivers\STM32F1xx_HAL_Driver\Src\stm32f1xx_hal_gpio.o
                0x080016d4                HAL_GPIO_Init
 .text.HAL_GPIO_WritePin
                0x08001894        0xa Drivers\STM32F1xx_HAL_Driver\Src\stm32f1xx_hal_gpio.o
                0x08001894                HAL_GPIO_WritePin
 .text.I2C_IsAcknowledgeFailed
                0x0800189e       0x2a Drivers\STM32F1xx_HAL_Driver\Src\stm32f1xx_hal_i2c.o
 .text.I2C_WaitOnMasterAddressFlagUntilTimeout
                0x080018c8       0x80 Drivers\STM32F1xx_HAL_Driver\Src\stm32f1xx_hal_i2c.o
 .text.I2C_WaitOnFlagUntilTimeout
                0x08001948       0x5c Drivers\STM32F1xx_HAL_Driver\Src\stm32f1xx_hal_i2c.o
 .text.I2C_WaitOnTXEFlagUntilTimeout
                0x080019a4       0x4c Drivers\STM32F1xx_HAL_Driver\Src\stm32f1xx_hal_i2c.o
 .text.I2C_WaitOnRXNEFlagUntilTimeout
                0x080019f0       0x5a Drivers\STM32F1xx_HAL_Driver\Src\stm32f1xx_hal_i2c.o
 .text.I2C_WaitOnBTFFlagUntilTimeout
                0x08001a4a       0x4c Drivers\STM32F1xx_HAL_Driver\Src\stm32f1xx_hal_i2c.o
 *fill*         0x08001a96        0x2 
 .text.HAL_I2C_Init
                0x08001a98      0x100 Drivers\STM32F1xx_HAL_Driver\Src\stm32f1xx_hal_i2c.o
                0x08001a98                HAL_I2C_Init
 .text.HAL_I2C_Master_Transmit
                0x08001b98      0x1ac Drivers\STM32F1xx_HAL_Driver\Src\stm32f1xx_hal_i2c.o
                0x08001b98                HAL_I2C_Master_Transmit
 .text.HAL_I2C_Master_Receive
                0x08001d44      0x304 Drivers\STM32F1xx_HAL_Driver\Src\stm32f1xx_hal_i2c.o
                0x08001d44                HAL_I2C_Master_Receive
 .text.HAL_RCC_OscConfig
                0x08002048      0x318 Drivers\STM32F1xx_HAL_Driver\Src\stm32f1xx_hal_rcc.o
                0x08002048                HAL_RCC_OscConfig
 .text.HAL_RCC_GetSysClockFreq
                0x08002360       0x78 Drivers\STM32F1xx_HAL_Driver\Src\stm32f1xx_hal_rcc.o
                0x08002360                HAL_RCC_GetSysClockFreq
 .text.HAL_RCC_ClockConfig
                0x080023d8      0x164 Drivers\STM32F1xx_HAL_Driver\Src\stm32f1xx_hal_rcc.o
                0x080023d8                HAL_RCC_ClockConfig
 .text.HAL_RCC_GetPCLK1Freq
                0x0800253c       0x20 Drivers\STM32F1xx_HAL_Driver\Src\stm32f1xx_hal_rcc.o
                0x0800253c                HAL_RCC_GetPCLK1Freq
 .text.HAL_RCC_GetPCLK2Freq
                0x0800255c       0x20 Drivers\STM32F1xx_HAL_Driver\Src\stm32f1xx_hal_rcc.o
                0x0800255c                HAL_RCC_GetPCLK2Freq
 .text.UART_SetConfig
                0x0800257c      0x13c Drivers\STM32F1xx_HAL_Driver\Src\stm32f1xx_hal_uart.o
 .text.HAL_UART_Init
                0x080026b8       0x5c Drivers\STM32F1xx_HAL_Driver\Src\stm32f1xx_hal_uart.o
                0x080026b8                HAL_UART_Init
 .text.Reset_Handler
                0x08002714       0x48 startup\startup_stm32f103xb.o
                0x08002714                Reset_Handler
 .text.Default_Handler
                0x0800275c        0x2 startup\startup_stm32f103xb.o
                0x0800275c                RTC_Alarm_IRQHandler
                0x0800275c                EXTI2_IRQHandler
                0x0800275c                TIM1_CC_IRQHandler
                0x0800275c                PVD_IRQHandler
                0x0800275c                EXTI3_IRQHandler
                0x0800275c                EXTI0_IRQHandler
                0x0800275c                I2C2_EV_IRQHandler
                0x0800275c                ADC1_2_IRQHandler
                0x0800275c                SPI1_IRQHandler
                0x0800275c                TAMPER_IRQHandler
                0x0800275c                DMA1_Channel4_IRQHandler
                0x0800275c                USART3_IRQHandler
                0x0800275c                RTC_IRQHandler
                0x0800275c                DMA1_Channel7_IRQHandler
                0x0800275c                CAN1_RX1_IRQHandler
                0x0800275c                TIM4_IRQHandler
                0x0800275c                I2C1_EV_IRQHandler
                0x0800275c                DMA1_Channel6_IRQHandler
                0x0800275c                TIM3_IRQHandler
                0x0800275c                RCC_IRQHandler
                0x0800275c                TIM1_TRG_COM_IRQHandler
                0x0800275c                DMA1_Channel1_IRQHandler
                0x0800275c                Default_Handler
                0x0800275c                EXTI15_10_IRQHandler
                0x0800275c                EXTI9_5_IRQHandler
                0x0800275c                SPI2_IRQHandler
                0x0800275c                DMA1_Channel5_IRQHandler
                0x0800275c                EXTI4_IRQHandler
                0x0800275c                USB_LP_CAN1_RX0_IRQHandler
                0x0800275c                USB_HP_CAN1_TX_IRQHandler
                0x0800275c                DMA1_Channel3_IRQHandler
                0x0800275c                TIM1_UP_IRQHandler
                0x0800275c                WWDG_IRQHandler
                0x0800275c                TIM2_IRQHandler
                0x0800275c                TIM1_BRK_IRQHandler
                0x0800275c                EXTI1_IRQHandler
                0x0800275c                USART2_IRQHandler
                0x0800275c                I2C2_ER_IRQHandler
                0x0800275c                DMA1_Channel2_IRQHandler
                0x0800275c                CAN1_SCE_IRQHandler
                0x0800275c                FLASH_IRQHandler
                0x0800275c                USART1_IRQHandler
                0x0800275c                I2C1_ER_IRQHandler
                0x0800275c                USBWakeUp_IRQHandler
 *fill*         0x0800275e        0x2 
 .text.__libc_init_array
                0x08002760       0x48 c:/program files (x86)/atollic/truestudio for stm32 9.2.0/armtools/bin/../lib/gcc/arm-atollic-eabi/6.3.1/../../../../arm-atollic-eabi/lib/armv7-m\libc_nano.a(lib_a-init.o)
                0x08002760                __libc_init_array
 .text.memset   0x080027a8       0x10 c:/program files (x86)/atollic/truestudio for stm32 9.2.0/armtools/bin/../lib/gcc/arm-atollic-eabi/6.3.1/../../../../arm-atollic-eabi/lib/armv7-m\libc_nano.a(lib_a-memset.o)
                0x080027a8                memset
 .text.sqrt     0x080027b8       0xa8 c:/program files (x86)/atollic/truestudio for stm32 9.2.0/armtools/bin/../lib/gcc/arm-atollic-eabi/6.3.1/../../../../arm-atollic-eabi/lib/armv7-m\libm.a(lib_a-w_sqrt.o)
                0x080027b8                sqrt
 .text.__ieee754_sqrt
                0x08002860      0x158 c:/program files (x86)/atollic/truestudio for stm32 9.2.0/armtools/bin/../lib/gcc/arm-atollic-eabi/6.3.1/../../../../arm-atollic-eabi/lib/armv7-m\libm.a(lib_a-e_sqrt.o)
                0x08002860                __ieee754_sqrt
 .text.matherr  0x080029b8        0x4 c:/program files (x86)/atollic/truestudio for stm32 9.2.0/armtools/bin/../lib/gcc/arm-atollic-eabi/6.3.1/../../../../arm-atollic-eabi/lib/armv7-m\libm.a(lib_a-s_matherr.o)
                0x080029b8                matherr
 .text.__errno  0x080029bc        0xc c:/program files (x86)/atollic/truestudio for stm32 9.2.0/armtools/bin/../lib/gcc/arm-atollic-eabi/6.3.1/../../../../arm-atollic-eabi/lib/armv7-m\libc_nano.a(lib_a-errno.o)
                0x080029bc                __errno
 *(.glue_7)
 .glue_7        0x080029c8        0x0 linker stubs
 *(.glue_7t)
 .glue_7t       0x080029c8        0x0 linker stubs
 *(.eh_frame)
 .eh_frame      0x080029c8        0x0 c:/program files (x86)/atollic/truestudio for stm32 9.2.0/armtools/bin/../lib/gcc/arm-atollic-eabi/6.3.1/armv7-m/crtbegin.o
 *(.init)
 .init          0x080029c8        0x4 c:/program files (x86)/atollic/truestudio for stm32 9.2.0/armtools/bin/../lib/gcc/arm-atollic-eabi/6.3.1/armv7-m/crti.o
                0x080029c8                _init
 .init          0x080029cc        0x8 c:/program files (x86)/atollic/truestudio for stm32 9.2.0/armtools/bin/../lib/gcc/arm-atollic-eabi/6.3.1/armv7-m/crtn.o
 *(.fini)
 .fini          0x080029d4        0x4 c:/program files (x86)/atollic/truestudio for stm32 9.2.0/armtools/bin/../lib/gcc/arm-atollic-eabi/6.3.1/armv7-m/crti.o
                0x080029d4                _fini
 .fini          0x080029d8        0x8 c:/program files (x86)/atollic/truestudio for stm32 9.2.0/armtools/bin/../lib/gcc/arm-atollic-eabi/6.3.1/armv7-m/crtn.o
                0x080029e0                . = ALIGN (0x4)
                0x080029e0                _etext = .

.vfp11_veneer   0x080029e0        0x0
 .vfp11_veneer  0x080029e0        0x0 linker stubs

.v4_bx          0x080029e0        0x0
 .v4_bx         0x080029e0        0x0 linker stubs

.iplt           0x080029e0        0x0
 .iplt          0x080029e0        0x0 c:/program files (x86)/atollic/truestudio for stm32 9.2.0/armtools/bin/../lib/gcc/arm-atollic-eabi/6.3.1/armv7-m/crtbegin.o

.rodata         0x080029e0       0x30
                0x080029e0                . = ALIGN (0x4)
 *(.rodata)
 .rodata        0x080029e0       0x10 Drivers\STM32F1xx_HAL_Driver\Src\stm32f1xx_hal_rcc.o
 *(.rodata*)
 .rodata.AHBPrescTable
                0x080029f0       0x10 Core\Src\system_stm32f1xx.o
                0x080029f0                AHBPrescTable
 .rodata.APBPrescTable
                0x08002a00        0x8 Core\Src\system_stm32f1xx.o
                0x08002a00                APBPrescTable
 .rodata.sqrt.str1.1
                0x08002a08        0x5 c:/program files (x86)/atollic/truestudio for stm32 9.2.0/armtools/bin/../lib/gcc/arm-atollic-eabi/6.3.1/../../../../arm-atollic-eabi/lib/armv7-m\libm.a(lib_a-w_sqrt.o)
                0x08002a10                . = ALIGN (0x4)
 *fill*         0x08002a0d        0x3 

.rel.dyn        0x08002a10        0x0
 .rel.iplt      0x08002a10        0x0 c:/program files (x86)/atollic/truestudio for stm32 9.2.0/armtools/bin/../lib/gcc/arm-atollic-eabi/6.3.1/armv7-m/crtbegin.o

.ARM.extab
 *(.ARM.extab* .gnu.linkonce.armextab.*)

.ARM            0x08002a10        0x0
                0x08002a10                __exidx_start = .
 *(.ARM.exidx*)
                0x08002a10                __exidx_end = .

.preinit_array  0x08002a10        0x0
                0x08002a10                PROVIDE (__preinit_array_start, .)
 *(.preinit_array*)
                0x08002a10                PROVIDE (__preinit_array_end, .)

.init_array     0x08002a10        0x4
                0x08002a10                PROVIDE (__init_array_start, .)
 *(SORT(.init_array.*))
 *(.init_array*)
 .init_array    0x08002a10        0x4 c:/program files (x86)/atollic/truestudio for stm32 9.2.0/armtools/bin/../lib/gcc/arm-atollic-eabi/6.3.1/armv7-m/crtbegin.o
                0x08002a14                PROVIDE (__init_array_end, .)

.fini_array     0x08002a14        0x4
                [!provide]                PROVIDE (__fini_array_start, .)
 *(SORT(.fini_array.*))
 *(.fini_array*)
 .fini_array    0x08002a14        0x4 c:/program files (x86)/atollic/truestudio for stm32 9.2.0/armtools/bin/../lib/gcc/arm-atollic-eabi/6.3.1/armv7-m/crtbegin.o
                [!provide]                PROVIDE (__fini_array_end, .)
                0x08002a18                _sidata = LOADADDR (.data)

.data           0x20000000       0x78 load address 0x08002a18
                0x20000000                . = ALIGN (0x4)
                0x20000000                _sdata = .
 *(.data)
 *(.data*)
 .data.bit16max
                0x20000000        0x4 Core\Src\main.o
 .data.SystemCoreClock
                0x20000004        0x4 Core\Src\system_stm32f1xx.o
                0x20000004                SystemCoreClock
 .data.uwTickFreq
                0x20000008        0x1 Drivers\STM32F1xx_HAL_Driver\Src\stm32f1xx_hal.o
                0x20000008                uwTickFreq
 *fill*         0x20000009        0x3 
 .data.uwTickPrio
                0x2000000c        0x4 Drivers\STM32F1xx_HAL_Driver\Src\stm32f1xx_hal.o
                0x2000000c                uwTickPrio
 .data.__fdlib_version
                0x20000010        0x1 c:/program files (x86)/atollic/truestudio for stm32 9.2.0/armtools/bin/../lib/gcc/arm-atollic-eabi/6.3.1/../../../../arm-atollic-eabi/lib/armv7-m\libm.a(lib_a-s_lib_ver.o)
                0x20000010                __fdlib_version
 *fill*         0x20000011        0x3 
 .data._impure_ptr
                0x20000014        0x4 c:/program files (x86)/atollic/truestudio for stm32 9.2.0/armtools/bin/../lib/gcc/arm-atollic-eabi/6.3.1/../../../../arm-atollic-eabi/lib/armv7-m\libc_nano.a(lib_a-impure.o)
                0x20000014                _impure_ptr
 .data.impure_data
                0x20000018       0x60 c:/program files (x86)/atollic/truestudio for stm32 9.2.0/armtools/bin/../lib/gcc/arm-atollic-eabi/6.3.1/../../../../arm-atollic-eabi/lib/armv7-m\libc_nano.a(lib_a-impure.o)
                0x20000078                . = ALIGN (0x4)
                0x20000078                _edata = .

.igot.plt       0x20000078        0x0 load address 0x08002a90
 .igot.plt      0x20000078        0x0 c:/program files (x86)/atollic/truestudio for stm32 9.2.0/armtools/bin/../lib/gcc/arm-atollic-eabi/6.3.1/armv7-m/crtbegin.o
                0x20000078                . = ALIGN (0x4)

.bss            0x20000078      0x140 load address 0x08002a90
                0x20000078                _sbss = .
                0x20000078                __bss_start__ = _sbss
 *(.bss)
 .bss           0x20000078       0x1c c:/program files (x86)/atollic/truestudio for stm32 9.2.0/armtools/bin/../lib/gcc/arm-atollic-eabi/6.3.1/armv7-m/crtbegin.o
 *(.bss*)
 *(COMMON)
 COMMON         0x20000094        0x6 Core\Src\MagConfig.o
                0x20000094                buffer
 *fill*         0x2000009a        0x2 
 COMMON         0x2000009c       0x30 Core\Src\Magnet.o
                0x2000009c                coord_R
                0x200000a8                unit_vect_R
                0x200000b4                unit_vect_L
                0x200000c0                coord_L
 COMMON         0x200000cc       0xa8 Core\Src\i2c.o
                0x200000cc                hi2c1
                0x20000120                hi2c2
 COMMON         0x20000174       0x40 Core\Src\usart.o
                0x20000174                huart1
 COMMON         0x200001b4        0x4 Drivers\STM32F1xx_HAL_Driver\Src\stm32f1xx_hal.o
                0x200001b4                uwTick
                0x200001b8                . = ALIGN (0x4)
                0x200001b8                _ebss = .
                0x200001b8                __bss_end__ = _ebss

._user_heap_stack
                0x200001b8      0x600 load address 0x08002a90
                0x200001b8                . = ALIGN (0x4)
                [!provide]                PROVIDE (end, .)
                [!provide]                PROVIDE (_end, .)
                0x200003b8                . = (. + _Min_Heap_Size)
 *fill*         0x200001b8      0x200 
                0x200007b8                . = (. + _Min_Stack_Size)
 *fill*         0x200003b8      0x400 
                0x200007b8                . = ALIGN (0x4)

/DISCARD/
 libc.a(*)
 libm.a(*)
 libgcc.a(*)

.ARM.attributes
                0x00000000       0x29
 *(.ARM.attributes)
 .ARM.attributes
                0x00000000       0x1d c:/program files (x86)/atollic/truestudio for stm32 9.2.0/armtools/bin/../lib/gcc/arm-atollic-eabi/6.3.1/armv7-m/crti.o
 .ARM.attributes
                0x0000001d       0x2d c:/program files (x86)/atollic/truestudio for stm32 9.2.0/armtools/bin/../lib/gcc/arm-atollic-eabi/6.3.1/armv7-m/crtbegin.o
 .ARM.attributes
                0x0000004a       0x33 Core\Src\MagConfig.o
 .ARM.attributes
                0x0000007d       0x33 Core\Src\Magnet.o
 .ARM.attributes
                0x000000b0       0x33 Core\Src\gpio.o
 .ARM.attributes
                0x000000e3       0x33 Core\Src\i2c.o
 .ARM.attributes
                0x00000116       0x33 Core\Src\main.o
 .ARM.attributes
                0x00000149       0x33 Core\Src\stm32f1xx_hal_msp.o
 .ARM.attributes
                0x0000017c       0x33 Core\Src\stm32f1xx_it.o
 .ARM.attributes
                0x000001af       0x33 Core\Src\system_stm32f1xx.o
 .ARM.attributes
                0x000001e2       0x33 Core\Src\usart.o
 .ARM.attributes
                0x00000215       0x33 Drivers\STM32F1xx_HAL_Driver\Src\stm32f1xx_hal.o
 .ARM.attributes
                0x00000248       0x33 Drivers\STM32F1xx_HAL_Driver\Src\stm32f1xx_hal_cortex.o
 .ARM.attributes
                0x0000027b       0x33 Drivers\STM32F1xx_HAL_Driver\Src\stm32f1xx_hal_gpio.o
 .ARM.attributes
                0x000002ae       0x33 Drivers\STM32F1xx_HAL_Driver\Src\stm32f1xx_hal_i2c.o
 .ARM.attributes
                0x000002e1       0x33 Drivers\STM32F1xx_HAL_Driver\Src\stm32f1xx_hal_rcc.o
 .ARM.attributes
                0x00000314       0x33 Drivers\STM32F1xx_HAL_Driver\Src\stm32f1xx_hal_uart.o
 .ARM.attributes
                0x00000347       0x21 startup\startup_stm32f103xb.o
 .ARM.attributes
                0x00000368       0x2d c:/program files (x86)/atollic/truestudio for stm32 9.2.0/armtools/bin/../lib/gcc/arm-atollic-eabi/6.3.1/../../../../arm-atollic-eabi/lib/armv7-m\libc_nano.a(lib_a-init.o)
 .ARM.attributes
                0x00000395       0x2d c:/program files (x86)/atollic/truestudio for stm32 9.2.0/armtools/bin/../lib/gcc/arm-atollic-eabi/6.3.1/../../../../arm-atollic-eabi/lib/armv7-m\libc_nano.a(lib_a-memset.o)
 .ARM.attributes
                0x000003c2       0x2d c:/program files (x86)/atollic/truestudio for stm32 9.2.0/armtools/bin/../lib/gcc/arm-atollic-eabi/6.3.1/../../../../arm-atollic-eabi/lib/armv7-m\libm.a(lib_a-w_sqrt.o)
 .ARM.attributes
                0x000003ef       0x2d c:/program files (x86)/atollic/truestudio for stm32 9.2.0/armtools/bin/../lib/gcc/arm-atollic-eabi/6.3.1/../../../../arm-atollic-eabi/lib/armv7-m\libm.a(lib_a-e_sqrt.o)
 .ARM.attributes
                0x0000041c       0x2d c:/program files (x86)/atollic/truestudio for stm32 9.2.0/armtools/bin/../lib/gcc/arm-atollic-eabi/6.3.1/../../../../arm-atollic-eabi/lib/armv7-m\libm.a(lib_a-s_lib_ver.o)
 .ARM.attributes
                0x00000449       0x2d c:/program files (x86)/atollic/truestudio for stm32 9.2.0/armtools/bin/../lib/gcc/arm-atollic-eabi/6.3.1/../../../../arm-atollic-eabi/lib/armv7-m\libm.a(lib_a-s_matherr.o)
 .ARM.attributes
                0x00000476       0x2d c:/program files (x86)/atollic/truestudio for stm32 9.2.0/armtools/bin/../lib/gcc/arm-atollic-eabi/6.3.1/../../../../arm-atollic-eabi/lib/armv7-m\libc_nano.a(lib_a-errno.o)
 .ARM.attributes
                0x000004a3       0x2d c:/program files (x86)/atollic/truestudio for stm32 9.2.0/armtools/bin/../lib/gcc/arm-atollic-eabi/6.3.1/../../../../arm-atollic-eabi/lib/armv7-m\libc_nano.a(lib_a-impure.o)
 .ARM.attributes
                0x000004d0       0x1d c:/program files (x86)/atollic/truestudio for stm32 9.2.0/armtools/bin/../lib/gcc/arm-atollic-eabi/6.3.1/armv7-m\libgcc.a(_arm_addsubdf3.o)
 .ARM.attributes
                0x000004ed       0x1d c:/program files (x86)/atollic/truestudio for stm32 9.2.0/armtools/bin/../lib/gcc/arm-atollic-eabi/6.3.1/armv7-m\libgcc.a(_arm_muldivdf3.o)
 .ARM.attributes
                0x0000050a       0x1d c:/program files (x86)/atollic/truestudio for stm32 9.2.0/armtools/bin/../lib/gcc/arm-atollic-eabi/6.3.1/armv7-m\libgcc.a(_arm_cmpdf2.o)
 .ARM.attributes
                0x00000527       0x1d c:/program files (x86)/atollic/truestudio for stm32 9.2.0/armtools/bin/../lib/gcc/arm-atollic-eabi/6.3.1/armv7-m\libgcc.a(_arm_unorddf2.o)
 .ARM.attributes
                0x00000544       0x1d c:/program files (x86)/atollic/truestudio for stm32 9.2.0/armtools/bin/../lib/gcc/arm-atollic-eabi/6.3.1/armv7-m\libgcc.a(_arm_truncdfsf2.o)
 .ARM.attributes
                0x00000561       0x1d c:/program files (x86)/atollic/truestudio for stm32 9.2.0/armtools/bin/../lib/gcc/arm-atollic-eabi/6.3.1/armv7-m\libgcc.a(_arm_addsubsf3.o)
 .ARM.attributes
                0x0000057e       0x1d c:/program files (x86)/atollic/truestudio for stm32 9.2.0/armtools/bin/../lib/gcc/arm-atollic-eabi/6.3.1/armv7-m\libgcc.a(_arm_muldivsf3.o)
 .ARM.attributes
                0x0000059b       0x1d c:/program files (x86)/atollic/truestudio for stm32 9.2.0/armtools/bin/../lib/gcc/arm-atollic-eabi/6.3.1/armv7-m/crtn.o
OUTPUT(BluePillSensors.elf elf32-littlearm)

.debug_info     0x00000000    0x1237a
 .debug_info    0x00000000      0xf4d Core\Src\MagConfig.o
 .debug_info    0x00000f4d     0x13b9 Core\Src\Magnet.o
 .debug_info    0x00002306      0xbf4 Core\Src\gpio.o
 .debug_info    0x00002efa     0x118a Core\Src\i2c.o
 .debug_info    0x00004084     0x13f2 Core\Src\main.o
 .debug_info    0x00005476      0xad2 Core\Src\stm32f1xx_hal_msp.o
 .debug_info    0x00005f48      0xa10 Core\Src\stm32f1xx_it.o
 .debug_info    0x00006958      0xc4d Core\Src\system_stm32f1xx.o
 .debug_info    0x000075a5     0x107d Core\Src\usart.o
 .debug_info    0x00008622      0xfc8 Drivers\STM32F1xx_HAL_Driver\Src\stm32f1xx_hal.o
 .debug_info    0x000095ea     0x14a9 Drivers\STM32F1xx_HAL_Driver\Src\stm32f1xx_hal_cortex.o
 .debug_info    0x0000aa93      0xec2 Drivers\STM32F1xx_HAL_Driver\Src\stm32f1xx_hal_gpio.o
 .debug_info    0x0000b955     0x38ea Drivers\STM32F1xx_HAL_Driver\Src\stm32f1xx_hal_i2c.o
 .debug_info    0x0000f23f     0x123d Drivers\STM32F1xx_HAL_Driver\Src\stm32f1xx_hal_rcc.o
 .debug_info    0x0001047c     0x1e46 Drivers\STM32F1xx_HAL_Driver\Src\stm32f1xx_hal_uart.o
 .debug_info    0x000122c2       0xb8 startup\startup_stm32f103xb.o

.debug_abbrev   0x00000000     0x26ed
 .debug_abbrev  0x00000000      0x1e3 Core\Src\MagConfig.o
 .debug_abbrev  0x000001e3      0x2a6 Core\Src\Magnet.o
 .debug_abbrev  0x00000489      0x204 Core\Src\gpio.o
 .debug_abbrev  0x0000068d      0x24d Core\Src\i2c.o
 .debug_abbrev  0x000008da      0x272 Core\Src\main.o
 .debug_abbrev  0x00000b4c      0x1bc Core\Src\stm32f1xx_hal_msp.o
 .debug_abbrev  0x00000d08      0x1f9 Core\Src\stm32f1xx_it.o
 .debug_abbrev  0x00000f01      0x1eb Core\Src\system_stm32f1xx.o
 .debug_abbrev  0x000010ec      0x24d Core\Src\usart.o
 .debug_abbrev  0x00001339      0x315 Drivers\STM32F1xx_HAL_Driver\Src\stm32f1xx_hal.o
 .debug_abbrev  0x0000164e      0x399 Drivers\STM32F1xx_HAL_Driver\Src\stm32f1xx_hal_cortex.o
 .debug_abbrev  0x000019e7      0x268 Drivers\STM32F1xx_HAL_Driver\Src\stm32f1xx_hal_gpio.o
 .debug_abbrev  0x00001c4f      0x3c1 Drivers\STM32F1xx_HAL_Driver\Src\stm32f1xx_hal_i2c.o
 .debug_abbrev  0x00002010      0x367 Drivers\STM32F1xx_HAL_Driver\Src\stm32f1xx_hal_rcc.o
 .debug_abbrev  0x00002377      0x364 Drivers\STM32F1xx_HAL_Driver\Src\stm32f1xx_hal_uart.o
 .debug_abbrev  0x000026db       0x12 startup\startup_stm32f103xb.o

.debug_aranges  0x00000000      0x740
 .debug_aranges
                0x00000000       0x20 Core\Src\MagConfig.o
 .debug_aranges
                0x00000020       0x78 Core\Src\Magnet.o
 .debug_aranges
                0x00000098       0x20 Core\Src\gpio.o
 .debug_aranges
                0x000000b8       0x38 Core\Src\i2c.o
 .debug_aranges
                0x000000f0       0x30 Core\Src\main.o
 .debug_aranges
                0x00000120       0x20 Core\Src\stm32f1xx_hal_msp.o
 .debug_aranges
                0x00000140       0x48 Core\Src\stm32f1xx_it.o
 .debug_aranges
                0x00000188       0x28 Core\Src\system_stm32f1xx.o
 .debug_aranges
                0x000001b0       0x30 Core\Src\usart.o
 .debug_aranges
                0x000001e0       0xc8 Drivers\STM32F1xx_HAL_Driver\Src\stm32f1xx_hal.o
 .debug_aranges
                0x000002a8       0x90 Drivers\STM32F1xx_HAL_Driver\Src\stm32f1xx_hal_cortex.o
 .debug_aranges
                0x00000338       0x58 Drivers\STM32F1xx_HAL_Driver\Src\stm32f1xx_hal_gpio.o
 .debug_aranges
                0x00000390      0x190 Drivers\STM32F1xx_HAL_Driver\Src\stm32f1xx_hal_i2c.o
 .debug_aranges
                0x00000520       0x88 Drivers\STM32F1xx_HAL_Driver\Src\stm32f1xx_hal_rcc.o
 .debug_aranges
                0x000005a8      0x170 Drivers\STM32F1xx_HAL_Driver\Src\stm32f1xx_hal_uart.o
 .debug_aranges
                0x00000718       0x28 startup\startup_stm32f103xb.o

.debug_ranges   0x00000000      0xb18
 .debug_ranges  0x00000000       0x10 Core\Src\MagConfig.o
 .debug_ranges  0x00000010       0x68 Core\Src\Magnet.o
 .debug_ranges  0x00000078       0x50 Core\Src\gpio.o
 .debug_ranges  0x000000c8       0x68 Core\Src\i2c.o
 .debug_ranges  0x00000130       0x38 Core\Src\main.o
 .debug_ranges  0x00000168       0x58 Core\Src\stm32f1xx_hal_msp.o
 .debug_ranges  0x000001c0       0x38 Core\Src\stm32f1xx_it.o
 .debug_ranges  0x000001f8       0x18 Core\Src\system_stm32f1xx.o
 .debug_ranges  0x00000210       0x40 Core\Src\usart.o
 .debug_ranges  0x00000250       0xb8 Drivers\STM32F1xx_HAL_Driver\Src\stm32f1xx_hal.o
 .debug_ranges  0x00000308      0x128 Drivers\STM32F1xx_HAL_Driver\Src\stm32f1xx_hal_cortex.o
 .debug_ranges  0x00000430       0x60 Drivers\STM32F1xx_HAL_Driver\Src\stm32f1xx_hal_gpio.o
 .debug_ranges  0x00000490      0x438 Drivers\STM32F1xx_HAL_Driver\Src\stm32f1xx_hal_i2c.o
 .debug_ranges  0x000008c8       0xa0 Drivers\STM32F1xx_HAL_Driver\Src\stm32f1xx_hal_rcc.o
 .debug_ranges  0x00000968      0x190 Drivers\STM32F1xx_HAL_Driver\Src\stm32f1xx_hal_uart.o
 .debug_ranges  0x00000af8       0x20 startup\startup_stm32f103xb.o

.debug_line     0x00000000     0x56af
 .debug_line    0x00000000      0x2ea Core\Src\MagConfig.o
 .debug_line    0x000002ea      0x420 Core\Src\Magnet.o
 .debug_line    0x0000070a      0x2a6 Core\Src\gpio.o
 .debug_line    0x000009b0      0x372 Core\Src\i2c.o
 .debug_line    0x00000d22      0x396 Core\Src\main.o
 .debug_line    0x000010b8      0x288 Core\Src\stm32f1xx_hal_msp.o
 .debug_line    0x00001340      0x2b9 Core\Src\stm32f1xx_it.o
 .debug_line    0x000015f9      0x2c4 Core\Src\system_stm32f1xx.o
 .debug_line    0x000018bd      0x346 Core\Src\usart.o
 .debug_line    0x00001c03      0x45f Drivers\STM32F1xx_HAL_Driver\Src\stm32f1xx_hal.o
 .debug_line    0x00002062      0x469 Drivers\STM32F1xx_HAL_Driver\Src\stm32f1xx_hal_cortex.o
 .debug_line    0x000024cb      0x45e Drivers\STM32F1xx_HAL_Driver\Src\stm32f1xx_hal_gpio.o
 .debug_line    0x00002929     0x1a8b Drivers\STM32F1xx_HAL_Driver\Src\stm32f1xx_hal_i2c.o
 .debug_line    0x000043b4      0x639 Drivers\STM32F1xx_HAL_Driver\Src\stm32f1xx_hal_rcc.o
 .debug_line    0x000049ed      0xc45 Drivers\STM32F1xx_HAL_Driver\Src\stm32f1xx_hal_uart.o
 .debug_line    0x00005632       0x7d startup\startup_stm32f103xb.o

.debug_str      0x00000000     0x2a7e
 .debug_str     0x00000000      0xa93 Core\Src\MagConfig.o
                                0xb7a (size before relaxing)
 .debug_str     0x00000a93      0x1aa Core\Src\Magnet.o
                                0xd0c (size before relaxing)
 .debug_str     0x00000c3d       0xe6 Core\Src\gpio.o
                                0x7c1 (size before relaxing)
 .debug_str     0x00000d23       0xa9 Core\Src\i2c.o
                                0xc79 (size before relaxing)
 .debug_str     0x00000dcc      0x312 Core\Src\main.o
                                0xf1d (size before relaxing)
 .debug_str     0x000010de       0x5a Core\Src\stm32f1xx_hal_msp.o
                                0x75c (size before relaxing)
 .debug_str     0x00001138       0xb7 Core\Src\stm32f1xx_it.o
                                0x773 (size before relaxing)
 .debug_str     0x000011ef       0xa6 Core\Src\system_stm32f1xx.o
                                0x7b1 (size before relaxing)
 .debug_str     0x00001295       0x51 Core\Src\usart.o
                                0xb90 (size before relaxing)
 .debug_str     0x000012e6      0x54b Drivers\STM32F1xx_HAL_Driver\Src\stm32f1xx_hal.o
                                0xcae (size before relaxing)
 .debug_str     0x00001831      0x283 Drivers\STM32F1xx_HAL_Driver\Src\stm32f1xx_hal_cortex.o
                                0xdd6 (size before relaxing)
 .debug_str     0x00001ab4      0x11a Drivers\STM32F1xx_HAL_Driver\Src\stm32f1xx_hal_gpio.o
                                0x943 (size before relaxing)
 .debug_str     0x00001bce      0x7d9 Drivers\STM32F1xx_HAL_Driver\Src\stm32f1xx_hal_i2c.o
                               0x13d9 (size before relaxing)
 .debug_str     0x000023a7      0x1c9 Drivers\STM32F1xx_HAL_Driver\Src\stm32f1xx_hal_rcc.o
                                0xb21 (size before relaxing)
 .debug_str     0x00002570      0x50e Drivers\STM32F1xx_HAL_Driver\Src\stm32f1xx_hal_uart.o
                               0x108b (size before relaxing)

.comment        0x00000000       0x7c
 .comment       0x00000000       0x7c Core\Src\MagConfig.o
                                 0x7d (size before relaxing)
 .comment       0x0000007c       0x7d Core\Src\Magnet.o
 .comment       0x0000007c       0x7d Core\Src\gpio.o
 .comment       0x0000007c       0x7d Core\Src\i2c.o
 .comment       0x0000007c       0x7d Core\Src\main.o
 .comment       0x0000007c       0x7d Core\Src\stm32f1xx_hal_msp.o
 .comment       0x0000007c       0x7d Core\Src\stm32f1xx_it.o
 .comment       0x0000007c       0x7d Core\Src\system_stm32f1xx.o
 .comment       0x0000007c       0x7d Core\Src\usart.o
 .comment       0x0000007c       0x7d Drivers\STM32F1xx_HAL_Driver\Src\stm32f1xx_hal.o
 .comment       0x0000007c       0x7d Drivers\STM32F1xx_HAL_Driver\Src\stm32f1xx_hal_cortex.o
 .comment       0x0000007c       0x7d Drivers\STM32F1xx_HAL_Driver\Src\stm32f1xx_hal_gpio.o
 .comment       0x0000007c       0x7d Drivers\STM32F1xx_HAL_Driver\Src\stm32f1xx_hal_i2c.o
 .comment       0x0000007c       0x7d Drivers\STM32F1xx_HAL_Driver\Src\stm32f1xx_hal_rcc.o
 .comment       0x0000007c       0x7d Drivers\STM32F1xx_HAL_Driver\Src\stm32f1xx_hal_uart.o

.debug_frame    0x00000000     0x1764
 .debug_frame   0x00000000       0x38 Core\Src\MagConfig.o
 .debug_frame   0x00000038      0x128 Core\Src\Magnet.o
 .debug_frame   0x00000160       0x30 Core\Src\gpio.o
 .debug_frame   0x00000190       0x80 Core\Src\i2c.o
 .debug_frame   0x00000210       0x60 Core\Src\main.o
 .debug_frame   0x00000270       0x28 Core\Src\stm32f1xx_hal_msp.o
 .debug_frame   0x00000298       0xa0 Core\Src\stm32f1xx_it.o
 .debug_frame   0x00000338       0x30 Core\Src\system_stm32f1xx.o
 .debug_frame   0x00000368       0x60 Core\Src\usart.o
 .debug_frame   0x000003c8      0x1b0 Drivers\STM32F1xx_HAL_Driver\Src\stm32f1xx_hal.o
 .debug_frame   0x00000578      0x120 Drivers\STM32F1xx_HAL_Driver\Src\stm32f1xx_hal_cortex.o
 .debug_frame   0x00000698       0xd4 Drivers\STM32F1xx_HAL_Driver\Src\stm32f1xx_hal_gpio.o
 .debug_frame   0x0000076c      0x684 Drivers\STM32F1xx_HAL_Driver\Src\stm32f1xx_hal_i2c.o
 .debug_frame   0x00000df0      0x150 Drivers\STM32F1xx_HAL_Driver\Src\stm32f1xx_hal_rcc.o
 .debug_frame   0x00000f40      0x4a0 Drivers\STM32F1xx_HAL_Driver\Src\stm32f1xx_hal_uart.o
 .debug_frame   0x000013e0       0x2c c:/program files (x86)/atollic/truestudio for stm32 9.2.0/armtools/bin/../lib/gcc/arm-atollic-eabi/6.3.1/../../../../arm-atollic-eabi/lib/armv7-m\libc_nano.a(lib_a-init.o)
 .debug_frame   0x0000140c       0x20 c:/program files (x86)/atollic/truestudio for stm32 9.2.0/armtools/bin/../lib/gcc/arm-atollic-eabi/6.3.1/../../../../arm-atollic-eabi/lib/armv7-m\libc_nano.a(lib_a-memset.o)
 .debug_frame   0x0000142c       0x40 c:/program files (x86)/atollic/truestudio for stm32 9.2.0/armtools/bin/../lib/gcc/arm-atollic-eabi/6.3.1/../../../../arm-atollic-eabi/lib/armv7-m\libm.a(lib_a-w_sqrt.o)
 .debug_frame   0x0000146c       0x30 c:/program files (x86)/atollic/truestudio for stm32 9.2.0/armtools/bin/../lib/gcc/arm-atollic-eabi/6.3.1/../../../../arm-atollic-eabi/lib/armv7-m\libm.a(lib_a-e_sqrt.o)
 .debug_frame   0x0000149c       0x20 c:/program files (x86)/atollic/truestudio for stm32 9.2.0/armtools/bin/../lib/gcc/arm-atollic-eabi/6.3.1/../../../../arm-atollic-eabi/lib/armv7-m\libm.a(lib_a-s_matherr.o)
 .debug_frame   0x000014bc       0x20 c:/program files (x86)/atollic/truestudio for stm32 9.2.0/armtools/bin/../lib/gcc/arm-atollic-eabi/6.3.1/../../../../arm-atollic-eabi/lib/armv7-m\libc_nano.a(lib_a-errno.o)
 .debug_frame   0x000014dc       0xac c:/program files (x86)/atollic/truestudio for stm32 9.2.0/armtools/bin/../lib/gcc/arm-atollic-eabi/6.3.1/armv7-m\libgcc.a(_arm_addsubdf3.o)
 .debug_frame   0x00001588       0x50 c:/program files (x86)/atollic/truestudio for stm32 9.2.0/armtools/bin/../lib/gcc/arm-atollic-eabi/6.3.1/armv7-m\libgcc.a(_arm_muldivdf3.o)
 .debug_frame   0x000015d8       0xc4 c:/program files (x86)/atollic/truestudio for stm32 9.2.0/armtools/bin/../lib/gcc/arm-atollic-eabi/6.3.1/armv7-m\libgcc.a(_arm_cmpdf2.o)
 .debug_frame   0x0000169c       0x20 c:/program files (x86)/atollic/truestudio for stm32 9.2.0/armtools/bin/../lib/gcc/arm-atollic-eabi/6.3.1/armv7-m\libgcc.a(_arm_unorddf2.o)
 .debug_frame   0x000016bc       0x24 c:/program files (x86)/atollic/truestudio for stm32 9.2.0/armtools/bin/../lib/gcc/arm-atollic-eabi/6.3.1/armv7-m\libgcc.a(_arm_truncdfsf2.o)
 .debug_frame   0x000016e0       0x4c c:/program files (x86)/atollic/truestudio for stm32 9.2.0/armtools/bin/../lib/gcc/arm-atollic-eabi/6.3.1/armv7-m\libgcc.a(_arm_addsubsf3.o)
 .debug_frame   0x0000172c       0x38 c:/program files (x86)/atollic/truestudio for stm32 9.2.0/armtools/bin/../lib/gcc/arm-atollic-eabi/6.3.1/armv7-m\libgcc.a(_arm_muldivsf3.o)

.debug_loc      0x00000000     0x512e
 .debug_loc     0x00000000      0x2d6 Core\Src\Magnet.o
 .debug_loc     0x000002d6       0x71 Core\Src\i2c.o
 .debug_loc     0x00000347       0x1f Core\Src\main.o
 .debug_loc     0x00000366       0xcd Core\Src\system_stm32f1xx.o
 .debug_loc     0x00000433       0x58 Core\Src\usart.o
 .debug_loc     0x0000048b      0x11b Drivers\STM32F1xx_HAL_Driver\Src\stm32f1xx_hal.o
 .debug_loc     0x000005a6      0x46b Drivers\STM32F1xx_HAL_Driver\Src\stm32f1xx_hal_cortex.o
 .debug_loc     0x00000a11      0x36a Drivers\STM32F1xx_HAL_Driver\Src\stm32f1xx_hal_gpio.o
 .debug_loc     0x00000d7b     0x2bdf Drivers\STM32F1xx_HAL_Driver\Src\stm32f1xx_hal_i2c.o
 .debug_loc     0x0000395a      0x4c3 Drivers\STM32F1xx_HAL_Driver\Src\stm32f1xx_hal_rcc.o
 .debug_loc     0x00003e1d     0x1311 Drivers\STM32F1xx_HAL_Driver\Src\stm32f1xx_hal_uart.o
