Archive member included to satisfy reference by file (symbol)

c:/program files (x86)/atollic/truestudio for stm32 9.2.0/armtools/bin/../lib/gcc/arm-atollic-eabi/6.3.1/../../../../arm-atollic-eabi/lib/armv7-m\libc_nano.a(lib_a-init.o)
                              startup\startup_stm32f103xb.o (__libc_init_array)
c:/program files (x86)/atollic/truestudio for stm32 9.2.0/armtools/bin/../lib/gcc/arm-atollic-eabi/6.3.1/../../../../arm-atollic-eabi/lib/armv7-m\libc_nano.a(lib_a-memset.o)
                              Core\Src\gpio.o (memset)
c:/program files (x86)/atollic/truestudio for stm32 9.2.0/armtools/bin/../lib/gcc/arm-atollic-eabi/6.3.1/../../../../arm-atollic-eabi/lib/armv7-m\libc_nano.a(lib_a-reent.o)
                              Core\Src\syscalls.o (errno)
c:/program files (x86)/atollic/truestudio for stm32 9.2.0/armtools/bin/../lib/gcc/arm-atollic-eabi/6.3.1/../../../../arm-atollic-eabi/lib/armv7-m\libc_nano.a(lib_a-impure.o)
                              c:/program files (x86)/atollic/truestudio for stm32 9.2.0/armtools/bin/../lib/gcc/arm-atollic-eabi/6.3.1/../../../../arm-atollic-eabi/lib/armv7-m\libc_nano.a(lib_a-reent.o) (_impure_ptr)
c:/program files (x86)/atollic/truestudio for stm32 9.2.0/armtools/bin/../lib/gcc/arm-atollic-eabi/6.3.1/../../../../arm-atollic-eabi/lib/armv7-m\libc_nano.a(lib_a-nano-freer.o)
                              c:/program files (x86)/atollic/truestudio for stm32 9.2.0/armtools/bin/../lib/gcc/arm-atollic-eabi/6.3.1/../../../../arm-atollic-eabi/lib/armv7-m\libc_nano.a(lib_a-reent.o) (_free_r)
c:/program files (x86)/atollic/truestudio for stm32 9.2.0/armtools/bin/../lib/gcc/arm-atollic-eabi/6.3.1/../../../../arm-atollic-eabi/lib/armv7-m\libc_nano.a(lib_a-nano-mallocr.o)
                              c:/program files (x86)/atollic/truestudio for stm32 9.2.0/armtools/bin/../lib/gcc/arm-atollic-eabi/6.3.1/../../../../arm-atollic-eabi/lib/armv7-m\libc_nano.a(lib_a-nano-freer.o) (__malloc_free_list)
c:/program files (x86)/atollic/truestudio for stm32 9.2.0/armtools/bin/../lib/gcc/arm-atollic-eabi/6.3.1/../../../../arm-atollic-eabi/lib/armv7-m\libc_nano.a(lib_a-sbrkr.o)
                              c:/program files (x86)/atollic/truestudio for stm32 9.2.0/armtools/bin/../lib/gcc/arm-atollic-eabi/6.3.1/../../../../arm-atollic-eabi/lib/armv7-m\libc_nano.a(lib_a-nano-mallocr.o) (_sbrk_r)
c:/program files (x86)/atollic/truestudio for stm32 9.2.0/armtools/bin/../lib/gcc/arm-atollic-eabi/6.3.1/../../../../arm-atollic-eabi/lib/armv7-m\libc_nano.a(lib_a-mlock.o)
                              c:/program files (x86)/atollic/truestudio for stm32 9.2.0/armtools/bin/../lib/gcc/arm-atollic-eabi/6.3.1/../../../../arm-atollic-eabi/lib/armv7-m\libc_nano.a(lib_a-nano-freer.o) (__malloc_lock)
c:/program files (x86)/atollic/truestudio for stm32 9.2.0/armtools/bin/../lib/gcc/arm-atollic-eabi/6.3.1/../../../../arm-atollic-eabi/lib/armv7-m\libm.a(lib_a-w_sqrt.o)
                              Core\Src\Magnet.o (sqrt)
c:/program files (x86)/atollic/truestudio for stm32 9.2.0/armtools/bin/../lib/gcc/arm-atollic-eabi/6.3.1/../../../../arm-atollic-eabi/lib/armv7-m\libm.a(lib_a-e_sqrt.o)
                              c:/program files (x86)/atollic/truestudio for stm32 9.2.0/armtools/bin/../lib/gcc/arm-atollic-eabi/6.3.1/../../../../arm-atollic-eabi/lib/armv7-m\libm.a(lib_a-w_sqrt.o) (__ieee754_sqrt)
c:/program files (x86)/atollic/truestudio for stm32 9.2.0/armtools/bin/../lib/gcc/arm-atollic-eabi/6.3.1/../../../../arm-atollic-eabi/lib/armv7-m\libm.a(lib_a-s_lib_ver.o)
                              c:/program files (x86)/atollic/truestudio for stm32 9.2.0/armtools/bin/../lib/gcc/arm-atollic-eabi/6.3.1/../../../../arm-atollic-eabi/lib/armv7-m\libm.a(lib_a-w_sqrt.o) (__fdlib_version)
c:/program files (x86)/atollic/truestudio for stm32 9.2.0/armtools/bin/../lib/gcc/arm-atollic-eabi/6.3.1/../../../../arm-atollic-eabi/lib/armv7-m\libm.a(lib_a-s_matherr.o)
                              c:/program files (x86)/atollic/truestudio for stm32 9.2.0/armtools/bin/../lib/gcc/arm-atollic-eabi/6.3.1/../../../../arm-atollic-eabi/lib/armv7-m\libm.a(lib_a-w_sqrt.o) (matherr)
c:/program files (x86)/atollic/truestudio for stm32 9.2.0/armtools/bin/../lib/gcc/arm-atollic-eabi/6.3.1/../../../../arm-atollic-eabi/lib/armv7-m\libc_nano.a(lib_a-errno.o)
                              c:/program files (x86)/atollic/truestudio for stm32 9.2.0/armtools/bin/../lib/gcc/arm-atollic-eabi/6.3.1/../../../../arm-atollic-eabi/lib/armv7-m\libm.a(lib_a-w_sqrt.o) (__errno)
c:/program files (x86)/atollic/truestudio for stm32 9.2.0/armtools/bin/../lib/gcc/arm-atollic-eabi/6.3.1/armv7-m\libgcc.a(_lshrdi3.o)
                              Drivers\STM32F1xx_HAL_Driver\Src\stm32f1xx_hal_flash.o (__aeabi_llsr)
c:/program files (x86)/atollic/truestudio for stm32 9.2.0/armtools/bin/../lib/gcc/arm-atollic-eabi/6.3.1/armv7-m\libgcc.a(_arm_addsubdf3.o)
[...]
Memory Configuration

Name             Origin             Length             Attributes
RAM              0x20000000         0x00005000         xrw
FLASH            0x08000000         0x00010000         xr
*default*        0x00000000         0xffffffff

Linker script and memory map

LOAD c:/program files (x86)/atollic/truestudio for stm32 9.2.0/armtools/bin/../lib/gcc/arm-atollic-eabi/6.3.1/armv7-m/crti.o
LOAD c:/program files (x86)/atollic/truestudio for stm32 9.2.0/armtools/bin/../lib/gcc/arm-atollic-eabi/6.3.1/armv7-m/crtbegin.o
LOAD Core\Src\MagConfig.o
LOAD Core\Src\Magnet.o
LOAD Core\Src\gpio.o
LOAD Core\Src\i2c.o
LOAD Core\Src\magnetmath.o
LOAD Core\Src\main.o
LOAD Core\Src\stm32f1xx_hal_msp.o
LOAD Core\Src\stm32f1xx_it.o
LOAD Core\Src\syscalls.o
LOAD Core\Src\system_stm32f1xx.o
LOAD Core\Src\usart.o
LOAD Drivers\STM32F1xx_HAL_Driver\Src\stm32f1xx_hal.o
LOAD Drivers\STM32F1xx_HAL_Driver\Src\stm32f1xx_hal_cortex.o
LOAD Drivers\STM32F1xx_HAL_Driver\Src\stm32f1xx_hal_dma.o
LOAD Drivers\STM32F1xx_HAL_Driver\Src\stm32f1xx_hal_flash.o
LOAD Drivers\STM32F1xx_HAL_Driver\Src\stm32f1xx_hal_flash_ex.o
LOAD Drivers\STM32F1xx_HAL_Driver\Src\stm32f1xx_hal_gpio.o
LOAD Drivers\STM32F1xx_HAL_Driver\Src\stm32f1xx_hal_gpio_ex.o
LOAD Drivers\STM32F1xx_HAL_Driver\Src\stm32f1xx_hal_i2c.o
LOAD Drivers\STM32F1xx_HAL_Driver\Src\stm32f1xx_hal_pwr.o
LOAD Drivers\STM32F1xx_HAL_Driver\Src\stm32f1xx_hal_rcc.o
LOAD Drivers\STM32F1xx_HAL_Driver\Src\stm32f1xx_hal_rcc_ex.o
LOAD Drivers\STM32F1xx_HAL_Driver\Src\stm32f1xx_hal_tim.o
LOAD Drivers\STM32F1xx_HAL_Driver\Src\stm32f1xx_hal_tim_ex.o
LOAD Drivers\STM32F1xx_HAL_Driver\Src\stm32f1xx_hal_uart.o
LOAD startup\startup_stm32f103xb.o
                0x00000080                malloc_getpagesize_P = 0x80
START GROUP
LOAD c:/program files (x86)/atollic/truestudio for stm32 9.2.0/armtools/bin/../lib/gcc/arm-atollic-eabi/6.3.1/../../../../arm-atollic-eabi/lib/armv7-m\libc_nano.a
LOAD c:/program files (x86)/atollic/truestudio for stm32 9.2.0/armtools/bin/../lib/gcc/arm-atollic-eabi/6.3.1/../../../../arm-atollic-eabi/lib/armv7-m\libm.a
END GROUP
START GROUP
LOAD c:/program files (x86)/atollic/truestudio for stm32 9.2.0/armtools/bin/../lib/gcc/arm-atollic-eabi/6.3.1/armv7-m\libgcc.a
LOAD c:/program files (x86)/atollic/truestudio for stm32 9.2.0/armtools/bin/../lib/gcc/arm-atollic-eabi/6.3.1/../../../../arm-atollic-eabi/lib/armv7-m\libc_nano.a
END GROUP
START GROUP
LOAD c:/program files (x86)/atollic/truestudio for stm32 9.2.0/armtools/bin/../lib/gcc/arm-atollic-eabi/6.3.1/armv7-m\libgcc.a
LOAD c:/program files (x86)/atollic/truestudio for stm32 9.2.0/armtools/bin/../lib/gcc/arm-atollic-eabi/6.3.1/../../../../arm-atollic-eabi/lib/armv7-m\libc_nano.a
LOAD c:/program files (x86)/atollic/truestudio for stm32 9.2.0/armtools/bin/../lib/gcc/arm-atollic-eabi/6.3.1/../../../../arm-atollic-eabi/lib/armv7-m\libnosys.a
END GROUP
START GROUP
LOAD c:/program files (x86)/atollic/truestudio for stm32 9.2.0/armtools/bin/../lib/gcc/arm-atollic-eabi/6.3.1/armv7-m\libgcc.a
LOAD c:/program files (x86)/atollic/truestudio for stm32 9.2.0/armtools/bin/../lib/gcc/arm-atollic-eabi/6.3.1/../../../../arm-atollic-eabi/lib/armv7-m\libc_nano.a
LOAD c:/program files (x86)/atollic/truestudio for stm32 9.2.0/armtools/bin/../lib/gcc/arm-atollic-eabi/6.3.1/../../../../arm-atollic-eabi/lib/armv7-m\libnosys.a
END GROUP
LOAD c:/program files (x86)/atollic/truestudio for stm32 9.2.0/armtools/bin/../lib/gcc/arm-atollic-eabi/6.3.1/armv7-m/crtend.o
LOAD c:/program files (x86)/atollic/truestudio for stm32 9.2.0/armtools/bin/../lib/gcc/arm-atollic-eabi/6.3.1/armv7-m/crtn.o
                0x20005000                _estack = 0x20005000
                0x00000200                _Min_Heap_Size = 0x200
                0x00000400                _Min_Stack_Size = 0x400

.isr_vector     0x08000000      0x10c
                0x08000000                . = ALIGN (0x4)
 *(.isr_vector)
 .isr_vector    0x08000000      0x10c startup\startup_stm32f103xb.o
                0x08000000                g_pfnVectors
                0x0800010c                . = ALIGN (0x4)

.text           0x0800010c     0x2b14
                0x0800010c                . = ALIGN (0x4)
 *(.text)
 .text          0x0800010c       0x40 c:/program files (x86)/atollic/truestudio for stm32 9.2.0/armtools/bin/../lib/gcc/arm-atollic-eabi/6.3.1/armv7-m/crtbegin.o
 .text          0x0800014c      0x370 c:/program files (x86)/atollic/truestudio for stm32 9.2.0/armtools/bin/../lib/gcc/arm-atollic-eabi/6.3.1/armv7-m\libgcc.a(_arm_addsubdf3.o)
                0x0800014c                __aeabi_drsub
                0x08000154                __aeabi_dsub
                0x08000154                __subdf3
                0x08000158                __aeabi_dadd
                0x08000158                __adddf3
                0x080003d0                __floatunsidf
                0x080003d0                __aeabi_ui2d
                0x080003f0                __floatsidf
                0x080003f0                __aeabi_i2d
                0x08000414                __aeabi_f2d
                0x08000414                __extendsfdf2
                0x08000450                __floatundidf
                0x08000450                __aeabi_ul2d
                0x08000460                __floatdidf
                0x08000460                __aeabi_l2d
 .text          0x080004bc      0x424 c:/program files (x86)/atollic/truestudio for stm32 9.2.0/armtools/bin/../lib/gcc/arm-atollic-eabi/6.3.1/armv7-m\libgcc.a(_arm_muldivdf3.o)
                0x080004bc                __aeabi_dmul
                0x080004bc                __muldf3
                0x08000710                __divdf3
                0x08000710                __aeabi_ddiv
 .text          0x080008e0      0x110 c:/program files (x86)/atollic/truestudio for stm32 9.2.0/armtools/bin/../lib/gcc/arm-atollic-eabi/6.3.1/armv7-m\libgcc.a(_arm_cmpdf2.o)
                0x080008e0                __gtdf2
                0x080008e0                __gedf2
                0x080008e8                __ltdf2
                0x080008e8                __ledf2
                0x080008f0                __nedf2
                0x080008f0                __eqdf2
                0x080008f0                __cmpdf2
                0x0800096c                __aeabi_cdrcmple
                0x0800097c                __aeabi_cdcmpeq
                0x0800097c                __aeabi_cdcmple
                0x0800098c                __aeabi_dcmpeq
                0x080009a0                __aeabi_dcmplt
                0x080009b4                __aeabi_dcmple
                0x080009c8                __aeabi_dcmpge
                0x080009dc                __aeabi_dcmpgt
 .text          0x080009f0       0x2c c:/program files (x86)/atollic/truestudio for stm32 9.2.0/armtools/bin/../lib/gcc/arm-atollic-eabi/6.3.1/armv7-m\libgcc.a(_arm_unorddf2.o)
                0x080009f0                __unorddf2
                0x080009f0                __aeabi_dcmpun
 .text          0x08000a1c       0xa0 c:/program files (x86)/atollic/truestudio for stm32 9.2.0/armtools/bin/../lib/gcc/arm-atollic-eabi/6.3.1/armv7-m\libgcc.a(_arm_truncdfsf2.o)
                0x08000a1c                __truncdfsf2
                0x08000a1c                __aeabi_d2f
 .text          0x08000abc      0x21c c:/program files (x86)/atollic/truestudio for stm32 9.2.0/armtools/bin/../lib/gcc/arm-atollic-eabi/6.3.1/armv7-m\libgcc.a(_arm_addsubsf3.o)
                0x08000abc                __aeabi_frsub
                0x08000ac4                __subsf3
                0x08000ac4                __aeabi_fsub
                0x08000ac8                __aeabi_fadd
                0x08000ac8                __addsf3
                0x08000c28                __aeabi_ui2f
                0x08000c28                __floatunsisf
                0x08000c30                __aeabi_i2f
                0x08000c30                __floatsisf
                0x08000c4c                __aeabi_ul2f
                0x08000c4c                __floatundisf
                0x08000c5c                __aeabi_l2f
                0x08000c5c                __floatdisf
 .text          0x08000cd8      0x2a0 c:/program files (x86)/atollic/truestudio for stm32 9.2.0/armtools/bin/../lib/gcc/arm-atollic-eabi/6.3.1/armv7-m\libgcc.a(_arm_muldivsf3.o)
                0x08000cd8                __mulsf3
                0x08000cd8                __aeabi_fmul
                0x08000e40                __aeabi_fdiv
                0x08000e40                __divsf3
 .text          0x08000f78       0x4c c:/program files (x86)/atollic/truestudio for stm32 9.2.0/armtools/bin/../lib/gcc/arm-atollic-eabi/6.3.1/armv7-m\libgcc.a(_arm_fixsfsi.o)
                0x08000f78                __aeabi_f2iz
                0x08000f78                __fixsfsi
 *(.text*)
 .text.config   0x08000fc4      0x110 Core\Src\MagConfig.o
                0x08000fc4                config
 .text.make_unit_vectors
                0x080010d4       0x6e Core\Src\Magnet.o
                0x080010d4                make_unit_vectors
 *fill*         0x08001142        0x2 
 .text.mag_read_valueL
                0x08001144       0x70 Core\Src\Magnet.o
                0x08001144                mag_read_valueL
 .text.mag_read_valueR
                0x080011b4       0x70 Core\Src\Magnet.o
                0x080011b4                mag_read_valueR
 .text.read_values_to_arrays
                0x08001224       0x12 Core\Src\Magnet.o
                0x08001224                read_values_to_arrays
 .text.reset_background
                0x08001236       0x96 Core\Src\Magnet.o
                0x08001236                reset_background
 .text.average  0x080012cc       0x42 Core\Src\Magnet.o
                0x080012cc                average
 *fill*         0x0800130e        0x2 
 .text.MX_GPIO_Init
                0x08001310       0x90 Core\Src\gpio.o
                0x08001310                MX_GPIO_Init
 .text.MX_I2C1_Init
                0x080013a0       0x40 Core\Src\i2c.o
                0x080013a0                MX_I2C1_Init
 .text.MX_I2C2_Init
                0x080013e0       0x40 Core\Src\i2c.o
                0x080013e0                MX_I2C2_Init
 .text.HAL_I2C_MspInit
                0x08001420       0xac Core\Src\i2c.o
                0x08001420                HAL_I2C_MspInit
 .text.SystemClock_Config
                0x080014cc       0x54 Core\Src\main.o
                0x080014cc                SystemClock_Config
 .text.startup.main
                0x08001520      0x12c Core\Src\main.o
                0x08001520                main
 .text.Error_Handler
                0x0800164c        0x2 Core\Src\main.o
                0x0800164c                Error_Handler
 *fill*         0x0800164e        0x2 
 .text.HAL_MspInit
                0x08001650       0x44 Core\Src\stm32f1xx_hal_msp.o
                0x08001650                HAL_MspInit
 .text.NMI_Handler
                0x08001694        0x2 Core\Src\stm32f1xx_it.o
                0x08001694                NMI_Handler
 .text.HardFault_Handler
                0x08001696        0x2 Core\Src\stm32f1xx_it.o
                0x08001696                HardFault_Handler
 .text.MemManage_Handler
                0x08001698        0x2 Core\Src\stm32f1xx_it.o
                0x08001698                MemManage_Handler
 .text.BusFault_Handler
                0x0800169a        0x2 Core\Src\stm32f1xx_it.o
                0x0800169a                BusFault_Handler
 .text.UsageFault_Handler
                0x0800169c        0x2 Core\Src\stm32f1xx_it.o
                0x0800169c                UsageFault_Handler
 .text.SVC_Handler
                0x0800169e        0x2 Core\Src\stm32f1xx_it.o
                0x0800169e                SVC_Handler
 .text.DebugMon_Handler
                0x080016a0        0x2 Core\Src\stm32f1xx_it.o
                0x080016a0                DebugMon_Handler
 .text.PendSV_Handler
                0x080016a2        0x2 Core\Src\stm32f1xx_it.o
                0x080016a2                PendSV_Handler
 .text.SysTick_Handler
                0x080016a4        0x4 Core\Src\stm32f1xx_it.o
                0x080016a4                SysTick_Handler
 .text.SystemInit
                0x080016a8       0x4c Core\Src\system_stm32f1xx.o
                0x080016a8                SystemInit
 .text.MX_USART1_UART_Init
                0x080016f4       0x3c Core\Src\usart.o
                0x080016f4                MX_USART1_UART_Init
 .text.HAL_UART_MspInit
                0x08001730       0x78 Core\Src\usart.o
                0x08001730                HAL_UART_MspInit
 .text.HAL_InitTick
                0x080017a8       0x48 Drivers\STM32F1xx_HAL_Driver\Src\stm32f1xx_hal.o
                0x080017a8                HAL_InitTick
 .text.HAL_Init
                0x080017f0       0x24 Drivers\STM32F1xx_HAL_Driver\Src\stm32f1xx_hal.o
                0x080017f0                HAL_Init
 .text.HAL_IncTick
                0x08001814       0x18 Drivers\STM32F1xx_HAL_Driver\Src\stm32f1xx_hal.o
                0x08001814                HAL_IncTick
 .text.HAL_GetTick
                0x0800182c        0xc Drivers\STM32F1xx_HAL_Driver\Src\stm32f1xx_hal.o
                0x0800182c                HAL_GetTick
 .text.HAL_Delay
                0x08001838       0x24 Drivers\STM32F1xx_HAL_Driver\Src\stm32f1xx_hal.o
                0x08001838                HAL_Delay
 .text.HAL_NVIC_SetPriorityGrouping
                0x0800185c       0x24 Drivers\STM32F1xx_HAL_Driver\Src\stm32f1xx_hal_cortex.o
                0x0800185c                HAL_NVIC_SetPriorityGrouping
 .text.HAL_NVIC_SetPriority
                0x08001880       0x68 Drivers\STM32F1xx_HAL_Driver\Src\stm32f1xx_hal_cortex.o
                0x08001880                HAL_NVIC_SetPriority
 .text.HAL_SYSTICK_Config
                0x080018e8       0x2c Drivers\STM32F1xx_HAL_Driver\Src\stm32f1xx_hal_cortex.o
                0x080018e8                HAL_SYSTICK_Config
 .text.HAL_GPIO_Init
                0x08001914      0x1c0 Drivers\STM32F1xx_HAL_Driver\Src\stm32f1xx_hal_gpio.o
                0x08001914                HAL_GPIO_Init
 .text.HAL_GPIO_WritePin
                0x08001ad4        0xa Drivers\STM32F1xx_HAL_Driver\Src\stm32f1xx_hal_gpio.o
                0x08001ad4                HAL_GPIO_WritePin
 .text.I2C_IsAcknowledgeFailed
                0x08001ade       0x2a Drivers\STM32F1xx_HAL_Driver\Src\stm32f1xx_hal_i2c.o
 .text.I2C_WaitOnMasterAddressFlagUntilTimeout
                0x08001b08       0x80 Drivers\STM32F1xx_HAL_Driver\Src\stm32f1xx_hal_i2c.o
 .text.I2C_WaitOnFlagUntilTimeout
                0x08001b88       0x5c Drivers\STM32F1xx_HAL_Driver\Src\stm32f1xx_hal_i2c.o
 .text.I2C_WaitOnTXEFlagUntilTimeout
                0x08001be4       0x4c Drivers\STM32F1xx_HAL_Driver\Src\stm32f1xx_hal_i2c.o
 .text.I2C_WaitOnRXNEFlagUntilTimeout
                0x08001c30       0x5a Drivers\STM32F1xx_HAL_Driver\Src\stm32f1xx_hal_i2c.o
 .text.I2C_WaitOnBTFFlagUntilTimeout
                0x08001c8a       0x4c Drivers\STM32F1xx_HAL_Driver\Src\stm32f1xx_hal_i2c.o
 *fill*         0x08001cd6        0x2 
 .text.HAL_I2C_Init
                0x08001cd8      0x100 Drivers\STM32F1xx_HAL_Driver\Src\stm32f1xx_hal_i2c.o
                0x08001cd8                HAL_I2C_Init
 .text.HAL_I2C_Master_Transmit
                0x08001dd8      0x1ac Drivers\STM32F1xx_HAL_Driver\Src\stm32f1xx_hal_i2c.o
                0x08001dd8                HAL_I2C_Master_Transmit
 .text.HAL_I2C_Master_Receive
                0x08001f84      0x304 Drivers\STM32F1xx_HAL_Driver\Src\stm32f1xx_hal_i2c.o
                0x08001f84                HAL_I2C_Master_Receive
 .text.HAL_RCC_OscConfig
                0x08002288      0x318 Drivers\STM32F1xx_HAL_Driver\Src\stm32f1xx_hal_rcc.o
                0x08002288                HAL_RCC_OscConfig
 .text.HAL_RCC_GetSysClockFreq
                0x080025a0       0x78 Drivers\STM32F1xx_HAL_Driver\Src\stm32f1xx_hal_rcc.o
                0x080025a0                HAL_RCC_GetSysClockFreq
 .text.HAL_RCC_ClockConfig
                0x08002618      0x164 Drivers\STM32F1xx_HAL_Driver\Src\stm32f1xx_hal_rcc.o
                0x08002618                HAL_RCC_ClockConfig
 .text.HAL_RCC_GetPCLK1Freq
                0x0800277c       0x20 Drivers\STM32F1xx_HAL_Driver\Src\stm32f1xx_hal_rcc.o
                0x0800277c                HAL_RCC_GetPCLK1Freq
 .text.HAL_RCC_GetPCLK2Freq
                0x0800279c       0x20 Drivers\STM32F1xx_HAL_Driver\Src\stm32f1xx_hal_rcc.o
                0x0800279c                HAL_RCC_GetPCLK2Freq
 .text.UART_SetConfig
                0x080027bc      0x13c Drivers\STM32F1xx_HAL_Driver\Src\stm32f1xx_hal_uart.o
 .text.HAL_UART_Init
                0x080028f8       0x5c Drivers\STM32F1xx_HAL_Driver\Src\stm32f1xx_hal_uart.o
                0x080028f8                HAL_UART_Init
 .text.Reset_Handler
                0x08002954       0x48 startup\startup_stm32f103xb.o
                0x08002954                Reset_Handler
 .text.Default_Handler
                0x0800299c        0x2 startup\startup_stm32f103xb.o
                0x0800299c                RTC_Alarm_IRQHandler
                0x0800299c                EXTI2_IRQHandler
                0x0800299c                TIM1_CC_IRQHandler
                0x0800299c                PVD_IRQHandler
                0x0800299c                EXTI3_IRQHandler
                0x0800299c                EXTI0_IRQHandler
                0x0800299c                I2C2_EV_IRQHandler
                0x0800299c                ADC1_2_IRQHandler
                0x0800299c                SPI1_IRQHandler
                0x0800299c                TAMPER_IRQHandler
                0x0800299c                DMA1_Channel4_IRQHandler
                0x0800299c                USART3_IRQHandler
                0x0800299c                RTC_IRQHandler
                0x0800299c                DMA1_Channel7_IRQHandler
                0x0800299c                CAN1_RX1_IRQHandler
                0x0800299c                TIM4_IRQHandler
                0x0800299c                I2C1_EV_IRQHandler
                0x0800299c                DMA1_Channel6_IRQHandler
                0x0800299c                TIM3_IRQHandler
                0x0800299c                RCC_IRQHandler
                0x0800299c                TIM1_TRG_COM_IRQHandler
                0x0800299c                DMA1_Channel1_IRQHandler
                0x0800299c                Default_Handler
                0x0800299c                EXTI15_10_IRQHandler
                0x0800299c                EXTI9_5_IRQHandler
                0x0800299c                SPI2_IRQHandler
                0x0800299c                DMA1_Channel5_IRQHandler
                0x0800299c                EXTI4_IRQHandler
                0x0800299c                USB_LP_CAN1_RX0_IRQHandler
                0x0800299c                USB_HP_CAN1_TX_IRQHandler
                0x0800299c                DMA1_Channel3_IRQHandler
                0x0800299c                TIM1_UP_IRQHandler
                0x0800299c                WWDG_IRQHandler
                0x0800299c                TIM2_IRQHandler
                0x0800299c                TIM1_BRK_IRQHandler
                0x0800299c                EXTI1_IRQHandler
                0x0800299c                USART2_IRQHandler
                0x0800299c                I2C2_ER_IRQHandler
                0x0800299c                DMA1_Channel2_IRQHandler
                0x0800299c                CAN1_SCE_IRQHandler
                0x0800299c                FLASH_IRQHandler
                0x0800299c                USART1_IRQHandler
                0x0800299c                I2C1_ER_IRQHandler
                0x0800299c                USBWakeUp_IRQHandler
 *fill*         0x0800299e        0x2 
 .text.__libc_init_array
                0x080029a0       0x48 c:/program files (x86)/atollic/truestudio for stm32 9.2.0/armtools/bin/../lib/gcc/arm-atollic-eabi/6.3.1/../../../../arm-atollic-eabi/lib/armv7-m\libc_nano.a(lib_a-init.o)
                0x080029a0                __libc_init_array
 .text.memset   0x080029e8       0x10 c:/program files (x86)/atollic/truestudio for stm32 9.2.0/armtools/bin/../lib/gcc/arm-atollic-eabi/6.3.1/../../../../arm-atollic-eabi/lib/armv7-m\libc_nano.a(lib_a-memset.o)
                0x080029e8                memset
 .text.sqrt     0x080029f8       0xa8 c:/program files (x86)/atollic/truestudio for stm32 9.2.0/armtools/bin/../lib/gcc/arm-atollic-eabi/6.3.1/../../../../arm-atollic-eabi/lib/armv7-m\libm.a(lib_a-w_sqrt.o)
                0x080029f8                sqrt
 .text.__ieee754_sqrt
                0x08002aa0      0x158 c:/program files (x86)/atollic/truestudio for stm32 9.2.0/armtools/bin/../lib/gcc/arm-atollic-eabi/6.3.1/../../../../arm-atollic-eabi/lib/armv7-m\libm.a(lib_a-e_sqrt.o)
                0x08002aa0                __ieee754_sqrt
 .text.matherr  0x08002bf8        0x4 c:/program files (x86)/atollic/truestudio for stm32 9.2.0/armtools/bin/../lib/gcc/arm-atollic-eabi/6.3.1/../../../../arm-atollic-eabi/lib/armv7-m\libm.a(lib_a-s_matherr.o)
                0x08002bf8                matherr
 .text.__errno  0x08002bfc        0xc c:/program files (x86)/atollic/truestudio for stm32 9.2.0/armtools/bin/../lib/gcc/arm-atollic-eabi/6.3.1/../../../../arm-atollic-eabi/lib/armv7-m\libc_nano.a(lib_a-errno.o)
                0x08002bfc                __errno
 *(.glue_7)
 .glue_7        0x08002c08        0x0 linker stubs
 *(.glue_7t)
 .glue_7t       0x08002c08        0x0 linker stubs
 *(.eh_frame)
 .eh_frame      0x08002c08        0x0 c:/program files (x86)/atollic/truestudio for stm32 9.2.0/armtools/bin/../lib/gcc/arm-atollic-eabi/6.3.1/armv7-m/crtbegin.o
 *(.init)
 .init          0x08002c08        0x4 c:/program files (x86)/atollic/truestudio for stm32 9.2.0/armtools/bin/../lib/gcc/arm-atollic-eabi/6.3.1/armv7-m/crti.o
                0x08002c08                _init
 .init          0x08002c0c        0x8 c:/program files (x86)/atollic/truestudio for stm32 9.2.0/armtools/bin/../lib/gcc/arm-atollic-eabi/6.3.1/armv7-m/crtn.o
 *(.fini)
 .fini          0x08002c14        0x4 c:/program files (x86)/atollic/truestudio for stm32 9.2.0/armtools/bin/../lib/gcc/arm-atollic-eabi/6.3.1/armv7-m/crti.o
                0x08002c14                _fini
 .fini          0x08002c18        0x8 c:/program files (x86)/atollic/truestudio for stm32 9.2.0/armtools/bin/../lib/gcc/arm-atollic-eabi/6.3.1/armv7-m/crtn.o
                0x08002c20                . = ALIGN (0x4)
                0x08002c20                _etext = .

.vfp11_veneer   0x08002c20        0x0
 .vfp11_veneer  0x08002c20        0x0 linker stubs

.v4_bx          0x08002c20        0x0
 .v4_bx         0x08002c20        0x0 linker stubs

.iplt           0x08002c20        0x0
 .iplt          0x08002c20        0x0 c:/program files (x86)/atollic/truestudio for stm32 9.2.0/armtools/bin/../lib/gcc/arm-atollic-eabi/6.3.1/armv7-m/crtbegin.o

.rodata         0x08002c20       0x30
                0x08002c20                . = ALIGN (0x4)
 *(.rodata)
 .rodata        0x08002c20       0x10 Drivers\STM32F1xx_HAL_Driver\Src\stm32f1xx_hal_rcc.o
 *(.rodata*)
 .rodata.AHBPrescTable
                0x08002c30       0x10 Core\Src\system_stm32f1xx.o
                0x08002c30                AHBPrescTable
 .rodata.APBPrescTable
                0x08002c40        0x8 Core\Src\system_stm32f1xx.o
                0x08002c40                APBPrescTable
 .rodata.sqrt.str1.1
                0x08002c48        0x5 c:/program files (x86)/atollic/truestudio for stm32 9.2.0/armtools/bin/../lib/gcc/arm-atollic-eabi/6.3.1/../../../../arm-atollic-eabi/lib/armv7-m\libm.a(lib_a-w_sqrt.o)
                0x08002c50                . = ALIGN (0x4)
 *fill*         0x08002c4d        0x3 

.rel.dyn        0x08002c50        0x0
 .rel.iplt      0x08002c50        0x0 c:/program files (x86)/atollic/truestudio for stm32 9.2.0/armtools/bin/../lib/gcc/arm-atollic-eabi/6.3.1/armv7-m/crtbegin.o

.ARM.extab
 *(.ARM.extab* .gnu.linkonce.armextab.*)

.ARM            0x08002c50        0x0
                0x08002c50                __exidx_start = .
 *(.ARM.exidx*)
                0x08002c50                __exidx_end = .

.preinit_array  0x08002c50        0x0
                0x08002c50                PROVIDE (__preinit_array_start, .)
 *(.preinit_array*)
                0x08002c50                PROVIDE (__preinit_array_end, .)

.init_array     0x08002c50        0x4
                0x08002c50                PROVIDE (__init_array_start, .)
 *(SORT(.init_array.*))
 *(.init_array*)
 .init_array    0x08002c50        0x4 c:/program files (x86)/atollic/truestudio for stm32 9.2.0/armtools/bin/../lib/gcc/arm-atollic-eabi/6.3.1/armv7-m/crtbegin.o
                0x08002c54                PROVIDE (__init_array_end, .)

.fini_array     0x08002c54        0x4
                [!provide]                PROVIDE (__fini_array_start, .)
 *(SORT(.fini_array.*))
 *(.fini_array*)
 .fini_array    0x08002c54        0x4 c:/program files (x86)/atollic/truestudio for stm32 9.2.0/armtools/bin/../lib/gcc/arm-atollic-eabi/6.3.1/armv7-m/crtbegin.o
                [!provide]                PROVIDE (__fini_array_end, .)
                0x08002c58                _sidata = LOADADDR (.data)

.data           0x20000000       0x74 load address 0x08002c58
                0x20000000                . = ALIGN (0x4)
                0x20000000                _sdata = .
 *(.data)
 *(.data*)
 .data.SystemCoreClock
                0x20000000        0x4 Core\Src\system_stm32f1xx.o
                0x20000000                SystemCoreClock
 .data.uwTickFreq
                0x20000004        0x1 Drivers\STM32F1xx_HAL_Driver\Src\stm32f1xx_hal.o
                0x20000004                uwTickFreq
 *fill*         0x20000005        0x3 
 .data.uwTickPrio
                0x20000008        0x4 Drivers\STM32F1xx_HAL_Driver\Src\stm32f1xx_hal.o
                0x20000008                uwTickPrio
 .data._impure_ptr
                0x2000000c        0x4 c:/program files (x86)/atollic/truestudio for stm32 9.2.0/armtools/bin/../lib/gcc/arm-atollic-eabi/6.3.1/../../../../arm-atollic-eabi/lib/armv7-m\libc_nano.a(lib_a-impure.o)
                0x2000000c                _impure_ptr
 .data.impure_data
                0x20000010       0x60 c:/program files (x86)/atollic/truestudio for stm32 9.2.0/armtools/bin/../lib/gcc/arm-atollic-eabi/6.3.1/../../../../arm-atollic-eabi/lib/armv7-m\libc_nano.a(lib_a-impure.o)
 .data.__fdlib_version
                0x20000070        0x1 c:/program files (x86)/atollic/truestudio for stm32 9.2.0/armtools/bin/../lib/gcc/arm-atollic-eabi/6.3.1/../../../../arm-atollic-eabi/lib/armv7-m\libm.a(lib_a-s_lib_ver.o)
                0x20000070                __fdlib_version
                0x20000074                . = ALIGN (0x4)
 *fill*         0x20000071        0x3 
                0x20000074                _edata = .

.igot.plt       0x20000074        0x0 load address 0x08002ccc
 .igot.plt      0x20000074        0x0 c:/program files (x86)/atollic/truestudio for stm32 9.2.0/armtools/bin/../lib/gcc/arm-atollic-eabi/6.3.1/armv7-m/crtbegin.o
                0x20000074                . = ALIGN (0x4)

.bss            0x20000074      0x220 load address 0x08002ccc
                0x20000074                _sbss = .
                0x20000074                __bss_start__ = _sbss
 *(.bss)
 .bss           0x20000074       0x1c c:/program files (x86)/atollic/truestudio for stm32 9.2.0/armtools/bin/../lib/gcc/arm-atollic-eabi/6.3.1/armv7-m/crtbegin.o
 *(.bss*)
 .bss.k         0x20000090        0x4 Core\Src\main.o
                0x20000090                k
 *(COMMON)
 COMMON         0x20000094        0x8 Core\Src\MagConfig.o
                0x20000094                bufferconf
                0x20000096                config_regadd
                0x20000097                bufferread2
                0x20000099                config_data
                0x2000009a                bufferread1
 COMMON         0x2000009c       0x64 Core\Src\Magnet.o
                0x2000009c                field_L
                0x200000a8                vect_R
                0x200000b4                vect_L
                0x200000c0                bg_R
                0x200000cc                str_R
                0x200000d0                str_L
                0x200000d4                buffer
                0x200000da                bufferR
                0x200000e0                bufferW
                0x200000e8                field_R
                0x200000f4                bg_L
 COMMON         0x20000100       0xa8 Core\Src\i2c.o
                0x20000100                hi2c1
                0x20000154                hi2c2
 COMMON         0x200001a8       0xa8 Core\Src\main.o
                0x200001a8                avgstr_R
                0x200001ac                strsum_R
                0x200001fc                avgstr_L
                0x20000200                strsum_L
 COMMON         0x20000250       0x40 Core\Src\usart.o
                0x20000250                huart1
 COMMON         0x20000290        0x4 Drivers\STM32F1xx_HAL_Driver\Src\stm32f1xx_hal.o
                0x20000290                uwTick
                0x20000294                . = ALIGN (0x4)
                0x20000294                _ebss = .
                0x20000294                __bss_end__ = _ebss

._user_heap_stack
                0x20000294      0x600 load address 0x08002ccc
                0x20000294                . = ALIGN (0x4)
                0x20000294                PROVIDE (end, .)
                [!provide]                PROVIDE (_end, .)
                0x20000494                . = (. + _Min_Heap_Size)
 *fill*         0x20000294      0x200 
                0x20000894                . = (. + _Min_Stack_Size)
 *fill*         0x20000494      0x400 
                0x20000894                . = ALIGN (0x4)

/DISCARD/
 libc.a(*)
 libm.a(*)
 libgcc.a(*)

.ARM.attributes
                0x00000000       0x29
 *(.ARM.attributes)
 .ARM.attributes
                0x00000000       0x1d c:/program files (x86)/atollic/truestudio for stm32 9.2.0/armtools/bin/../lib/gcc/arm-atollic-eabi/6.3.1/armv7-m/crti.o
 .ARM.attributes
                0x0000001d       0x2d c:/program files (x86)/atollic/truestudio for stm32 9.2.0/armtools/bin/../lib/gcc/arm-atollic-eabi/6.3.1/armv7-m/crtbegin.o
 .ARM.attributes
                0x0000004a       0x33 Core\Src\MagConfig.o
 .ARM.attributes
                0x0000007d       0x33 Core\Src\Magnet.o
 .ARM.attributes
                0x000000b0       0x33 Core\Src\gpio.o
 .ARM.attributes
                0x000000e3       0x33 Core\Src\i2c.o
 .ARM.attributes
                0x00000116       0x33 Core\Src\main.o
 .ARM.attributes
                0x00000149       0x33 Core\Src\stm32f1xx_hal_msp.o
 .ARM.attributes
                0x0000017c       0x33 Core\Src\stm32f1xx_it.o
 .ARM.attributes
                0x000001af       0x33 Core\Src\system_stm32f1xx.o
 .ARM.attributes
                0x000001e2       0x33 Core\Src\usart.o
 .ARM.attributes
                0x00000215       0x33 Drivers\STM32F1xx_HAL_Driver\Src\stm32f1xx_hal.o
 .ARM.attributes
                0x00000248       0x33 Drivers\STM32F1xx_HAL_Driver\Src\stm32f1xx_hal_cortex.o
 .ARM.attributes
                0x0000027b       0x33 Drivers\STM32F1xx_HAL_Driver\Src\stm32f1xx_hal_gpio.o
 .ARM.attributes
                0x000002ae       0x33 Drivers\STM32F1xx_HAL_Driver\Src\stm32f1xx_hal_i2c.o
 .ARM.attributes
                0x000002e1       0x33 Drivers\STM32F1xx_HAL_Driver\Src\stm32f1xx_hal_rcc.o
 .ARM.attributes
                0x00000314       0x33 Drivers\STM32F1xx_HAL_Driver\Src\stm32f1xx_hal_uart.o
 .ARM.attributes
                0x00000347       0x21 startup\startup_stm32f103xb.o
 .ARM.attributes
                0x00000368       0x2d c:/program files (x86)/atollic/truestudio for stm32 9.2.0/armtools/bin/../lib/gcc/arm-atollic-eabi/6.3.1/../../../../arm-atollic-eabi/lib/armv7-m\libc_nano.a(lib_a-init.o)
 .ARM.attributes
                0x00000395       0x2d c:/program files (x86)/atollic/truestudio for stm32 9.2.0/armtools/bin/../lib/gcc/arm-atollic-eabi/6.3.1/../../../../arm-atollic-eabi/lib/armv7-m\libc_nano.a(lib_a-memset.o)
 .ARM.attributes
                0x000003c2       0x2d c:/program files (x86)/atollic/truestudio for stm32 9.2.0/armtools/bin/../lib/gcc/arm-atollic-eabi/6.3.1/../../../../arm-atollic-eabi/lib/armv7-m\libc_nano.a(lib_a-impure.o)
 .ARM.attributes
                0x000003ef       0x2d c:/program files (x86)/atollic/truestudio for stm32 9.2.0/armtools/bin/../lib/gcc/arm-atollic-eabi/6.3.1/../../../../arm-atollic-eabi/lib/armv7-m\libm.a(lib_a-w_sqrt.o)
 .ARM.attributes
                0x0000041c       0x2d c:/program files (x86)/atollic/truestudio for stm32 9.2.0/armtools/bin/../lib/gcc/arm-atollic-eabi/6.3.1/../../../../arm-atollic-eabi/lib/armv7-m\libm.a(lib_a-e_sqrt.o)
 .ARM.attributes
                0x00000449       0x2d c:/program files (x86)/atollic/truestudio for stm32 9.2.0/armtools/bin/../lib/gcc/arm-atollic-eabi/6.3.1/../../../../arm-atollic-eabi/lib/armv7-m\libm.a(lib_a-s_lib_ver.o)
 .ARM.attributes
                0x00000476       0x2d c:/program files (x86)/atollic/truestudio for stm32 9.2.0/armtools/bin/../lib/gcc/arm-atollic-eabi/6.3.1/../../../../arm-atollic-eabi/lib/armv7-m\libm.a(lib_a-s_matherr.o)
 .ARM.attributes
                0x000004a3       0x2d c:/program files (x86)/atollic/truestudio for stm32 9.2.0/armtools/bin/../lib/gcc/arm-atollic-eabi/6.3.1/../../../../arm-atollic-eabi/lib/armv7-m\libc_nano.a(lib_a-errno.o)
 .ARM.attributes
                0x000004d0       0x1d c:/program files (x86)/atollic/truestudio for stm32 9.2.0/armtools/bin/../lib/gcc/arm-atollic-eabi/6.3.1/armv7-m\libgcc.a(_arm_addsubdf3.o)
 .ARM.attributes
                0x000004ed       0x1d c:/program files (x86)/atollic/truestudio for stm32 9.2.0/armtools/bin/../lib/gcc/arm-atollic-eabi/6.3.1/armv7-m\libgcc.a(_arm_muldivdf3.o)
 .ARM.attributes
                0x0000050a       0x1d c:/program files (x86)/atollic/truestudio for stm32 9.2.0/armtools/bin/../lib/gcc/arm-atollic-eabi/6.3.1/armv7-m\libgcc.a(_arm_cmpdf2.o)
 .ARM.attributes
                0x00000527       0x1d c:/program files (x86)/atollic/truestudio for stm32 9.2.0/armtools/bin/../lib/gcc/arm-atollic-eabi/6.3.1/armv7-m\libgcc.a(_arm_unorddf2.o)
 .ARM.attributes
                0x00000544       0x1d c:/program files (x86)/atollic/truestudio for stm32 9.2.0/armtools/bin/../lib/gcc/arm-atollic-eabi/6.3.1/armv7-m\libgcc.a(_arm_truncdfsf2.o)
 .ARM.attributes
                0x00000561       0x1d c:/program files (x86)/atollic/truestudio for stm32 9.2.0/armtools/bin/../lib/gcc/arm-atollic-eabi/6.3.1/armv7-m\libgcc.a(_arm_addsubsf3.o)
 .ARM.attributes
                0x0000057e       0x1d c:/program files (x86)/atollic/truestudio for stm32 9.2.0/armtools/bin/../lib/gcc/arm-atollic-eabi/6.3.1/armv7-m\libgcc.a(_arm_muldivsf3.o)
 .ARM.attributes
                0x0000059b       0x1d c:/program files (x86)/atollic/truestudio for stm32 9.2.0/armtools/bin/../lib/gcc/arm-atollic-eabi/6.3.1/armv7-m\libgcc.a(_arm_fixsfsi.o)
 .ARM.attributes
                0x000005b8       0x1d c:/program files (x86)/atollic/truestudio for stm32 9.2.0/armtools/bin/../lib/gcc/arm-atollic-eabi/6.3.1/armv7-m/crtn.o
OUTPUT(BluePillSensors.elf elf32-littlearm)

.debug_info     0x00000000    0x124ff
 .debug_info    0x00000000     0x10ac Core\Src\MagConfig.o
 .debug_info    0x000010ac     0x12e4 Core\Src\Magnet.o
 .debug_info    0x00002390      0xbf4 Core\Src\gpio.o
 .debug_info    0x00002f84     0x118a Core\Src\i2c.o
 .debug_info    0x0000410e     0x1515 Core\Src\main.o
 .debug_info    0x00005623      0xad2 Core\Src\stm32f1xx_hal_msp.o
 .debug_info    0x000060f5      0xa10 Core\Src\stm32f1xx_it.o
 .debug_info    0x00006b05      0xc4d Core\Src\system_stm32f1xx.o
 .debug_info    0x00007752     0x107d Core\Src\usart.o
 .debug_info    0x000087cf      0xfc8 Drivers\STM32F1xx_HAL_Driver\Src\stm32f1xx_hal.o
 .debug_info    0x00009797     0x14a9 Drivers\STM32F1xx_HAL_Driver\Src\stm32f1xx_hal_cortex.o
 .debug_info    0x0000ac40      0xec2 Drivers\STM32F1xx_HAL_Driver\Src\stm32f1xx_hal_gpio.o
 .debug_info    0x0000bb02     0x38ea Drivers\STM32F1xx_HAL_Driver\Src\stm32f1xx_hal_i2c.o
 .debug_info    0x0000f3ec     0x123d Drivers\STM32F1xx_HAL_Driver\Src\stm32f1xx_hal_rcc.o
 .debug_info    0x00010629     0x1e46 Drivers\STM32F1xx_HAL_Driver\Src\stm32f1xx_hal_uart.o
 .debug_info    0x0001246f       0x90 startup\startup_stm32f103xb.o

.debug_abbrev   0x00000000     0x26ff
 .debug_abbrev  0x00000000      0x1e8 Core\Src\MagConfig.o
 .debug_abbrev  0x000001e8      0x2a0 Core\Src\Magnet.o
 .debug_abbrev  0x00000488      0x204 Core\Src\gpio.o
 .debug_abbrev  0x0000068c      0x24d Core\Src\i2c.o
 .debug_abbrev  0x000008d9      0x285 Core\Src\main.o
 .debug_abbrev  0x00000b5e      0x1bc Core\Src\stm32f1xx_hal_msp.o
 .debug_abbrev  0x00000d1a      0x1f9 Core\Src\stm32f1xx_it.o
 .debug_abbrev  0x00000f13      0x1eb Core\Src\system_stm32f1xx.o
 .debug_abbrev  0x000010fe      0x24d Core\Src\usart.o
 .debug_abbrev  0x0000134b      0x315 Drivers\STM32F1xx_HAL_Driver\Src\stm32f1xx_hal.o
 .debug_abbrev  0x00001660      0x399 Drivers\STM32F1xx_HAL_Driver\Src\stm32f1xx_hal_cortex.o
 .debug_abbrev  0x000019f9      0x268 Drivers\STM32F1xx_HAL_Driver\Src\stm32f1xx_hal_gpio.o
 .debug_abbrev  0x00001c61      0x3c1 Drivers\STM32F1xx_HAL_Driver\Src\stm32f1xx_hal_i2c.o
 .debug_abbrev  0x00002022      0x367 Drivers\STM32F1xx_HAL_Driver\Src\stm32f1xx_hal_rcc.o
 .debug_abbrev  0x00002389      0x364 Drivers\STM32F1xx_HAL_Driver\Src\stm32f1xx_hal_uart.o
 .debug_abbrev  0x000026ed       0x12 startup\startup_stm32f103xb.o

.debug_aranges  0x00000000      0x710
 .debug_aranges
                0x00000000       0x20 Core\Src\MagConfig.o
 .debug_aranges
                0x00000020       0x48 Core\Src\Magnet.o
 .debug_aranges
                0x00000068       0x20 Core\Src\gpio.o
 .debug_aranges
                0x00000088       0x38 Core\Src\i2c.o
 .debug_aranges
                0x000000c0       0x30 Core\Src\main.o
 .debug_aranges
                0x000000f0       0x20 Core\Src\stm32f1xx_hal_msp.o
 .debug_aranges
                0x00000110       0x48 Core\Src\stm32f1xx_it.o
 .debug_aranges
                0x00000158       0x28 Core\Src\system_stm32f1xx.o
 .debug_aranges
                0x00000180       0x30 Core\Src\usart.o
 .debug_aranges
                0x000001b0       0xc8 Drivers\STM32F1xx_HAL_Driver\Src\stm32f1xx_hal.o
 .debug_aranges
                0x00000278       0x90 Drivers\STM32F1xx_HAL_Driver\Src\stm32f1xx_hal_cortex.o
 .debug_aranges
                0x00000308       0x58 Drivers\STM32F1xx_HAL_Driver\Src\stm32f1xx_hal_gpio.o
 .debug_aranges
                0x00000360      0x190 Drivers\STM32F1xx_HAL_Driver\Src\stm32f1xx_hal_i2c.o
 .debug_aranges
                0x000004f0       0x88 Drivers\STM32F1xx_HAL_Driver\Src\stm32f1xx_hal_rcc.o
 .debug_aranges
                0x00000578      0x170 Drivers\STM32F1xx_HAL_Driver\Src\stm32f1xx_hal_uart.o
 .debug_aranges
                0x000006e8       0x28 startup\startup_stm32f103xb.o

.debug_ranges   0x00000000      0xb10
 .debug_ranges  0x00000000       0x10 Core\Src\MagConfig.o
 .debug_ranges  0x00000010       0x78 Core\Src\Magnet.o
 .debug_ranges  0x00000088       0x50 Core\Src\gpio.o
 .debug_ranges  0x000000d8       0x68 Core\Src\i2c.o
 .debug_ranges  0x00000140       0x20 Core\Src\main.o
 .debug_ranges  0x00000160       0x58 Core\Src\stm32f1xx_hal_msp.o
 .debug_ranges  0x000001b8       0x38 Core\Src\stm32f1xx_it.o
 .debug_ranges  0x000001f0       0x18 Core\Src\system_stm32f1xx.o
 .debug_ranges  0x00000208       0x40 Core\Src\usart.o
 .debug_ranges  0x00000248       0xb8 Drivers\STM32F1xx_HAL_Driver\Src\stm32f1xx_hal.o
 .debug_ranges  0x00000300      0x128 Drivers\STM32F1xx_HAL_Driver\Src\stm32f1xx_hal_cortex.o
 .debug_ranges  0x00000428       0x60 Drivers\STM32F1xx_HAL_Driver\Src\stm32f1xx_hal_gpio.o
 .debug_ranges  0x00000488      0x438 Drivers\STM32F1xx_HAL_Driver\Src\stm32f1xx_hal_i2c.o
 .debug_ranges  0x000008c0       0xa0 Drivers\STM32F1xx_HAL_Driver\Src\stm32f1xx_hal_rcc.o
 .debug_ranges  0x00000960      0x190 Drivers\STM32F1xx_HAL_Driver\Src\stm32f1xx_hal_uart.o
 .debug_ranges  0x00000af0       0x20 startup\startup_stm32f103xb.o

.debug_line     0x00000000     0x56cd
 .debug_line    0x00000000      0x305 Core\Src\MagConfig.o
 .debug_line    0x00000305      0x406 Core\Src\Magnet.o
 .debug_line    0x0000070b      0x2a6 Core\Src\gpio.o
 .debug_line    0x000009b1      0x372 Core\Src\i2c.o
 .debug_line    0x00000d23      0x3b3 Core\Src\main.o
 .debug_line    0x000010d6      0x288 Core\Src\stm32f1xx_hal_msp.o
 .debug_line    0x0000135e      0x2b9 Core\Src\stm32f1xx_it.o
 .debug_line    0x00001617      0x2c4 Core\Src\system_stm32f1xx.o
 .debug_line    0x000018db      0x346 Core\Src\usart.o
 .debug_line    0x00001c21      0x45f Drivers\STM32F1xx_HAL_Driver\Src\stm32f1xx_hal.o
 .debug_line    0x00002080      0x469 Drivers\STM32F1xx_HAL_Driver\Src\stm32f1xx_hal_cortex.o
 .debug_line    0x000024e9      0x45e Drivers\STM32F1xx_HAL_Driver\Src\stm32f1xx_hal_gpio.o
 .debug_line    0x00002947     0x1a8b Drivers\STM32F1xx_HAL_Driver\Src\stm32f1xx_hal_i2c.o
 .debug_line    0x000043d2      0x639 Drivers\STM32F1xx_HAL_Driver\Src\stm32f1xx_hal_rcc.o
 .debug_line    0x00004a0b      0xc45 Drivers\STM32F1xx_HAL_Driver\Src\stm32f1xx_hal_uart.o
 .debug_line    0x00005650       0x7d startup\startup_stm32f103xb.o

.debug_str      0x00000000     0x2a63
 .debug_str     0x00000000      0xab2 Core\Src\MagConfig.o
                                0xb9f (size before relaxing)
 .debug_str     0x00000ab2      0x14c Core\Src\Magnet.o
                                0xca2 (size before relaxing)
 .debug_str     0x00000bfe       0xe6 Core\Src\gpio.o
                                0x799 (size before relaxing)
 .debug_str     0x00000ce4       0xa9 Core\Src\i2c.o
                                0xc51 (size before relaxing)
 .debug_str     0x00000d8d      0x336 Core\Src\main.o
                                0xf35 (size before relaxing)
 .debug_str     0x000010c3       0x5a Core\Src\stm32f1xx_hal_msp.o
                                0x734 (size before relaxing)
 .debug_str     0x0000111d       0xb7 Core\Src\stm32f1xx_it.o
                                0x74b (size before relaxing)
 .debug_str     0x000011d4       0xa6 Core\Src\system_stm32f1xx.o
                                0x789 (size before relaxing)
 .debug_str     0x0000127a       0x51 Core\Src\usart.o
                                0xb68 (size before relaxing)
 .debug_str     0x000012cb      0x54b Drivers\STM32F1xx_HAL_Driver\Src\stm32f1xx_hal.o
                                0xc86 (size before relaxing)
 .debug_str     0x00001816      0x283 Drivers\STM32F1xx_HAL_Driver\Src\stm32f1xx_hal_cortex.o
                                0xdae (size before relaxing)
 .debug_str     0x00001a99      0x11a Drivers\STM32F1xx_HAL_Driver\Src\stm32f1xx_hal_gpio.o
                                0x91b (size before relaxing)
 .debug_str     0x00001bb3      0x7d9 Drivers\STM32F1xx_HAL_Driver\Src\stm32f1xx_hal_i2c.o
                               0x13b1 (size before relaxing)
 .debug_str     0x0000238c      0x1c9 Drivers\STM32F1xx_HAL_Driver\Src\stm32f1xx_hal_rcc.o
                                0xaf9 (size before relaxing)
 .debug_str     0x00002555      0x50e Drivers\STM32F1xx_HAL_Driver\Src\stm32f1xx_hal_uart.o
                               0x1063 (size before relaxing)

.comment        0x00000000       0x7c
 .comment       0x00000000       0x7c Core\Src\MagConfig.o
                                 0x7d (size before relaxing)
 .comment       0x0000007c       0x7d Core\Src\Magnet.o
 .comment       0x0000007c       0x7d Core\Src\gpio.o
 .comment       0x0000007c       0x7d Core\Src\i2c.o
 .comment       0x0000007c       0x7d Core\Src\main.o
 .comment       0x0000007c       0x7d Core\Src\stm32f1xx_hal_msp.o
 .comment       0x0000007c       0x7d Core\Src\stm32f1xx_it.o
 .comment       0x0000007c       0x7d Core\Src\system_stm32f1xx.o
 .comment       0x0000007c       0x7d Core\Src\usart.o
 .comment       0x0000007c       0x7d Drivers\STM32F1xx_HAL_Driver\Src\stm32f1xx_hal.o
 .comment       0x0000007c       0x7d Drivers\STM32F1xx_HAL_Driver\Src\stm32f1xx_hal_cortex.o
 .comment       0x0000007c       0x7d Drivers\STM32F1xx_HAL_Driver\Src\stm32f1xx_hal_gpio.o
 .comment       0x0000007c       0x7d Drivers\STM32F1xx_HAL_Driver\Src\stm32f1xx_hal_i2c.o
 .comment       0x0000007c       0x7d Drivers\STM32F1xx_HAL_Driver\Src\stm32f1xx_hal_rcc.o
 .comment       0x0000007c       0x7d Drivers\STM32F1xx_HAL_Driver\Src\stm32f1xx_hal_uart.o

.debug_frame    0x00000000     0x1754
 .debug_frame   0x00000000       0x48 Core\Src\MagConfig.o
 .debug_frame   0x00000048       0xe0 Core\Src\Magnet.o
 .debug_frame   0x00000128       0x30 Core\Src\gpio.o
 .debug_frame   0x00000158       0x80 Core\Src\i2c.o
 .debug_frame   0x000001d8       0x64 Core\Src\main.o
 .debug_frame   0x0000023c       0x28 Core\Src\stm32f1xx_hal_msp.o
 .debug_frame   0x00000264       0xa0 Core\Src\stm32f1xx_it.o
 .debug_frame   0x00000304       0x30 Core\Src\system_stm32f1xx.o
 .debug_frame   0x00000334       0x60 Core\Src\usart.o
 .debug_frame   0x00000394      0x1b0 Drivers\STM32F1xx_HAL_Driver\Src\stm32f1xx_hal.o
 .debug_frame   0x00000544      0x120 Drivers\STM32F1xx_HAL_Driver\Src\stm32f1xx_hal_cortex.o
 .debug_frame   0x00000664       0xd4 Drivers\STM32F1xx_HAL_Driver\Src\stm32f1xx_hal_gpio.o
 .debug_frame   0x00000738      0x684 Drivers\STM32F1xx_HAL_Driver\Src\stm32f1xx_hal_i2c.o
 .debug_frame   0x00000dbc      0x150 Drivers\STM32F1xx_HAL_Driver\Src\stm32f1xx_hal_rcc.o
 .debug_frame   0x00000f0c      0x4a0 Drivers\STM32F1xx_HAL_Driver\Src\stm32f1xx_hal_uart.o
 .debug_frame   0x000013ac       0x2c c:/program files (x86)/atollic/truestudio for stm32 9.2.0/armtools/bin/../lib/gcc/arm-atollic-eabi/6.3.1/../../../../arm-atollic-eabi/lib/armv7-m\libc_nano.a(lib_a-init.o)
 .debug_frame   0x000013d8       0x20 c:/program files (x86)/atollic/truestudio for stm32 9.2.0/armtools/bin/../lib/gcc/arm-atollic-eabi/6.3.1/../../../../arm-atollic-eabi/lib/armv7-m\libc_nano.a(lib_a-memset.o)
 .debug_frame   0x000013f8       0x40 c:/program files (x86)/atollic/truestudio for stm32 9.2.0/armtools/bin/../lib/gcc/arm-atollic-eabi/6.3.1/../../../../arm-atollic-eabi/lib/armv7-m\libm.a(lib_a-w_sqrt.o)
 .debug_frame   0x00001438       0x30 c:/program files (x86)/atollic/truestudio for stm32 9.2.0/armtools/bin/../lib/gcc/arm-atollic-eabi/6.3.1/../../../../arm-atollic-eabi/lib/armv7-m\libm.a(lib_a-e_sqrt.o)
 .debug_frame   0x00001468       0x20 c:/program files (x86)/atollic/truestudio for stm32 9.2.0/armtools/bin/../lib/gcc/arm-atollic-eabi/6.3.1/../../../../arm-atollic-eabi/lib/armv7-m\libm.a(lib_a-s_matherr.o)
 .debug_frame   0x00001488       0x20 c:/program files (x86)/atollic/truestudio for stm32 9.2.0/armtools/bin/../lib/gcc/arm-atollic-eabi/6.3.1/../../../../arm-atollic-eabi/lib/armv7-m\libc_nano.a(lib_a-errno.o)
 .debug_frame   0x000014a8       0xac c:/program files (x86)/atollic/truestudio for stm32 9.2.0/armtools/bin/../lib/gcc/arm-atollic-eabi/6.3.1/armv7-m\libgcc.a(_arm_addsubdf3.o)
 .debug_frame   0x00001554       0x50 c:/program files (x86)/atollic/truestudio for stm32 9.2.0/armtools/bin/../lib/gcc/arm-atollic-eabi/6.3.1/armv7-m\libgcc.a(_arm_muldivdf3.o)
 .debug_frame   0x000015a4       0xc4 c:/program files (x86)/atollic/truestudio for stm32 9.2.0/armtools/bin/../lib/gcc/arm-atollic-eabi/6.3.1/armv7-m\libgcc.a(_arm_cmpdf2.o)
 .debug_frame   0x00001668       0x20 c:/program files (x86)/atollic/truestudio for stm32 9.2.0/armtools/bin/../lib/gcc/arm-atollic-eabi/6.3.1/armv7-m\libgcc.a(_arm_unorddf2.o)
 .debug_frame   0x00001688       0x24 c:/program files (x86)/atollic/truestudio for stm32 9.2.0/armtools/bin/../lib/gcc/arm-atollic-eabi/6.3.1/armv7-m\libgcc.a(_arm_truncdfsf2.o)
 .debug_frame   0x000016ac       0x4c c:/program files (x86)/atollic/truestudio for stm32 9.2.0/armtools/bin/../lib/gcc/arm-atollic-eabi/6.3.1/armv7-m\libgcc.a(_arm_addsubsf3.o)
 .debug_frame   0x000016f8       0x38 c:/program files (x86)/atollic/truestudio for stm32 9.2.0/armtools/bin/../lib/gcc/arm-atollic-eabi/6.3.1/armv7-m\libgcc.a(_arm_muldivsf3.o)
 .debug_frame   0x00001730       0x24 c:/program files (x86)/atollic/truestudio for stm32 9.2.0/armtools/bin/../lib/gcc/arm-atollic-eabi/6.3.1/armv7-m\libgcc.a(_arm_fixsfsi.o)

.debug_loc      0x00000000     0x515f
 .debug_loc     0x00000000      0x307 Core\Src\Magnet.o
 .debug_loc     0x00000307       0x71 Core\Src\i2c.o
 .debug_loc     0x00000378       0x1f Core\Src\main.o
 .debug_loc     0x00000397       0xcd Core\Src\system_stm32f1xx.o
 .debug_loc     0x00000464       0x58 Core\Src\usart.o
 .debug_loc     0x000004bc      0x11b Drivers\STM32F1xx_HAL_Driver\Src\stm32f1xx_hal.o
 .debug_loc     0x000005d7      0x46b Drivers\STM32F1xx_HAL_Driver\Src\stm32f1xx_hal_cortex.o
 .debug_loc     0x00000a42      0x36a Drivers\STM32F1xx_HAL_Driver\Src\stm32f1xx_hal_gpio.o
 .debug_loc     0x00000dac     0x2bdf Drivers\STM32F1xx_HAL_Driver\Src\stm32f1xx_hal_i2c.o
 .debug_loc     0x0000398b      0x4c3 Drivers\STM32F1xx_HAL_Driver\Src\stm32f1xx_hal_rcc.o
 .debug_loc     0x00003e4e     0x1311 Drivers\STM32F1xx_HAL_Driver\Src\stm32f1xx_hal_uart.o
